Symbol: _loop (sudoku.bin) = F0B3
Symbol: _loop_continue (sudoku.bin) = F147
Symbol: _not_finished (sudoku.bin) = F080
Symbol: _return_false (sudoku.bin) = F155
Symbol: _return_true (sudoku.bin) = F15A
Symbol: ACIA_CFG (sudoku.bin) = 0015
Symbol: ACIA_RESET (sudoku.bin) = 0003
Symbol: BOARD_SIZE (sudoku.bin) = 0009
Symbol: CELL_COUNT (sudoku.bin) = 0051
Symbol: halt (sudoku.bin) = F078
Symbol: io_initialise_acia (sudoku.bin) = F000
Symbol: io_outchr (sudoku.bin) = F017
Symbol: io_outstr (sudoku.bin) = F01D
Symbol: io_waitacia (sudoku.bin) = F00B
Symbol: io_wrwait (sudoku.bin) = F00D
Symbol: ios_done (sudoku.bin) = F027
Symbol: ios_loop (sudoku.bin) = F01F
Symbol: pass@_F0DD (sudoku.bin) = F0DD
Symbol: pb_boxh (sudoku.bin) = F1D3
Symbol: pb_cont (sudoku.bin) = F1E9
Symbol: pb_loop (sudoku.bin) = F1BB
Symbol: pb_newl (sudoku.bin) = F1DF
Symbol: pbe_blank (sudoku.bin) = F171
Symbol: pbe_done (sudoku.bin) = F176
Symbol: print_board (sudoku.bin) = F1AE
Symbol: print_board_element (sudoku.bin) = F15E
Symbol: print_box_break_horizontal (sudoku.bin) = F182
Symbol: print_box_break_vertical (sudoku.bin) = F17C
Symbol: print_newline (sudoku.bin) = F1A3
Symbol: puzzle (sudoku.bin) = 0200
Symbol: puzzle_init (sudoku.bin) = F1EE
Symbol: rdone (sudoku.bin) = F073
Symbol: RECEV (sudoku.bin) = A001
Symbol: reset (sudoku.bin) = F02A
Symbol: rfail (sudoku.bin) = F06B
Symbol: rinit (sudoku.bin) = F03C
Symbol: solve (sudoku.bin) = F07A
Symbol: STACKTOP (sudoku.bin) = 4000
Symbol: sv_empty (sudoku.bin) = F08A
Symbol: table_move2box_start (sudoku.bin) = F3D7
Symbol: table_move2box_x (sudoku.bin) = F2E2
Symbol: table_move2box_y (sudoku.bin) = F334
Symbol: table_move2row_start (sudoku.bin) = F386
Symbol: table_move2x (sudoku.bin) = F23F
Symbol: table_move2y (sudoku.bin) = F291
Symbol: TRANS (sudoku.bin) = A001
Symbol: UART (sudoku.bin) = A000
Symbol: UCTRL (sudoku.bin) = A000
Symbol: UNASSIGNED (sudoku.bin) = 0000
Symbol: used@_F0DB (sudoku.bin) = F0DB
Symbol: USTAT (sudoku.bin) = A000
