AS65 Assembler for R6502 [1.42].                                     Page    1
------------------------- .\6502_functional_test.a65 -------------------------

-------------------------------- Symbol Table --------------------------------

              Symbol   Value        Decimal

               absAN : $024e            590
              absANa : $025a            602
             absANa_ : $46af          18095
              absAN_ : $46a3          18083
               absEO : $0252            594
              absEOa : $025e            606
             absEOa_ : $46b3          18099
              absEO_ : $46a7          18087
              absflo : $0266            614
             absflo_ : $46bb          18107
               absOR : $024a            586
              absORa : $0256            598
             absORa_ : $46ab          18091
              absOR_ : $469f          18079
              absrlo : $0262            610
             absrlo_ : $46b7          18103
                abst : $0203            515
                abs1 : $0217            535
               abs1_ : $466c          18028
               abs7f : $021b            539
              abs7f_ : $4670          18032
                ada2 : $0203            515
                adfc : $000c             12
               adiy2 : $0056             86
              adiy2_ : $4659          18009
                adi2 : $0052             82
               adi2_ : $4655          18005
                adrf : $0011             17
                adrh : $0010             16
                adrl : $000f             15
                 ad1 : $000d             13
                 ad2 : $000e             14
         bin_rti_ret : $3f4c          16204
               brcc1 : $07a1           1953
               brcc2 : $07a4           1956
               brcc3 : $07a8           1960
               brcc4 : $07ab           1963
               brcc5 : $07af           1967
               brcc6 : $07b2           1970
               brcc7 : $07b6           1974
               brcc8 : $07b9           1977
               brcs1 : $0721           1825
               brcs2 : $0724           1828
               brcs3 : $0728           1832
               brcs4 : $072b           1835
               brcs5 : $072f           1839
               brcs6 : $0732           1842
               brcs7 : $0736           1846
               brcs8 : $0739           1849
               break : $0010             16
              break2 : $4417          17431
            brk_ret0 : $0b3e           2878
            brk_ret1 : $0b73           2931
               brmi1 : $0741           1857
               brmi2 : $0744           1860
               brmi3 : $0748           1864
               brmi4 : $074b           1867
               brmi5 : $074f           1871
AS65 Assembler for R6502 [1.42].                                     Page    2
------------------------- .\6502_functional_test.a65 -------------------------

               brmi6 : $0752           1874
               brmi7 : $0756           1878
               brmi8 : $0759           1881
               brpl1 : $07c1           1985
               brpl2 : $07c4           1988
               brpl3 : $07c8           1992
               brpl4 : $07cb           1995
               brpl5 : $07cf           1999
               brpl6 : $07d2           2002
               brpl7 : $07d6           2006
               brpl8 : $07d9           2009
               brvc1 : $07e1           2017
               brvc2 : $07e4           2020
               brvc3 : $07e8           2024
               brvc4 : $07eb           2027
               brvc5 : $07ef           2031
               brvc6 : $07f2           2034
               brvc7 : $07f6           2038
               brvc8 : $07f9           2041
               brvs1 : $0761           1889
               brvs2 : $0764           1892
               brvs3 : $0768           1896
               brvs4 : $076b           1899
               brvs5 : $076f           1903
               brvs6 : $0772           1906
               brvs7 : $0776           1910
               brvs8 : $0779           1913
               brzc1 : $0781           1921
               brzc2 : $0784           1924
               brzc3 : $0788           1928
               brzc4 : $078b           1931
               brzc5 : $078f           1935
               brzc6 : $0792           1938
               brzc7 : $0796           1942
               brzc8 : $0799           1945
               brzs1 : $0701           1793
               brzs2 : $0704           1796
               brzs3 : $0708           1800
               brzs4 : $070b           1803
               brzs5 : $070f           1807
               brzs6 : $0712           1810
               brzs7 : $0716           1814
               brzs8 : $0719           1817
                 br1 : $0690           1680
                br11 : $06d5           1749
                br12 : $06da           1754
                br13 : $06df           1759
                br14 : $06f0           1776
                 br2 : $0695           1685
                 br3 : $069a           1690
                 br4 : $06ab           1707
               carry : $0001              1
           check_ram : <macro>
              chkadd : $40ff          16639
              chkdad : $3f6c          16236
               ckad1 : $4114          16660
            cmp_flag : <macro>
        code_segment : $0400           1024   *
            data_bss : $0208            520
        data_bss_end : $026a            618
            data_end : $46bf          18111
           data_init : $465d          18013
AS65 Assembler for R6502 [1.42].                                     Page    3
------------------------- .\6502_functional_test.a65 -------------------------

        data_segment : $0200            512   *
             decmode : $0008              8
         dec_rti_ret : $3f40          16192
     disable_decimal : $0000              0   *
     disable_selfmod : $0000              0   *
            eor_flag : <macro>
             ex_adci : $0211            529
             ex_adc_ : $4666          18022
             ex_andi : $0208            520
             ex_and_ : $465d          18013
             ex_eori : $020b            523
             ex_eor_ : $4660          18016
             ex_orai : $020e            526
             ex_ora_ : $4663          18019
             ex_sbci : $0214            532
             ex_sbc_ : $4669          18025
                fASL : $0230            560
               fASL_ : $4685          18053
                 fai : $0034             52
                faid : $003c             60
                 fao : $0030             48
                faod : $0038             56
             far_ret : $0a13           2579
                  fc : $0001              1
                fINC : $0245            581
               fINC_ : $469a          18074
                fLDx : $021c            540
               fLDx_ : $4671          18033
                fLSR : $0238            568
               fLSR_ : $468d          18061
                  fn : $0080            128
                 fnc : $0081            129
                 fnv : $00c0            192
                 fnz : $0082            130
                fnzc : $0083            131
                fROL : $0230            560
               fROLc : $0234            564
              fROLc_ : $4689          18057
               fROL_ : $4685          18053
                fROR : $0238            568
               fRORc : $023c            572
              fRORc_ : $4691          18065
               fROR_ : $468d          18061
                  fv : $0040             64
                 fvz : $0042             66
                  fz : $0002              2
                 fzc : $0003              3
              I_flag : $0003              3   *
               indAN : $003a             58
              indAN_ : $463d          17981
               indEO : $0042             66
              indEO_ : $4645          17989
               indOR : $004a             74
              indOR_ : $464d          17997
                indt : $0030             48
               indt_ : $4633          17971
                ind1 : $0024             36
               ind1_ : $4627          17959
             ind_ret : $0a9b           2715
              intdis : $0004              4
                inwt : $0038             56
               inwt_ : $463b          17979
AS65 Assembler for R6502 [1.42].                                     Page    4
------------------------- .\6502_functional_test.a65 -------------------------

                inw1 : $002e             46
               inw1_ : $4631          17969
               irq_a : $000a             10
            irq_trap : $43b5          17333
               irq_x : $000b             11
             jsr_ret : $0aec           2796   *
             ld_data : $0447           1095
             ld_vect : $0452           1106
               ld_zp : $043d           1085
    load_data_direct : $0000              0   *
           load_flag : <macro>
            loop3577 : $4471          17521
            loop3578 : $4487          17543
            loop3579 : $44e4          17636
            loop3580 : $4549          17737
               minus : $0080            128
                  m8 : $00ff            255
                 m8i : $00fb            251
                nbr1 : $069f           1695
               nbr11 : $06e4           1764
               nbr12 : $06e7           1767
               nbr13 : $06ea           1770
               nbr14 : $06ed           1773
                nbr2 : $06a2           1698
                nbr3 : $06a5           1701
                nbr4 : $06a8           1704
           next_test : <macro>
            nmi_trap : $43a7          17319
              overfl : $0040             64
            psb_back : $042c           1068
            psb_bwok : $0411           1041
            psb_forw : $041d           1053
            psb_fwok : $043b           1083
            psb_test : $0436           1078
         ptr_ind_ret : $42f4          17140
         ptr_tst_ind : $42f2          17138
         ROM_vectors : $0001              1   *
                rASL : $0220            544
               rASL_ : $4675          18037
                rabs : $44d1          17617
           ram_chksm : $0201            513
             ram_top : $ffff             -1   *
           range_adr : $050c           1292   *
           range_end : $05a7           1447
            range_fw : $0479           1145
          range_loop : $046c           1132
            range_ok : $059b           1435
            range_op : $050b           1291
               rchar : $4585          17797
               rcrlf : $4564          17764
              report : $0001              1   *
        report_error : $447b          17531
         report_init : $446c          17516
      report_success : $4544          17732
               rerr1 : $44ed          17645
              reserv : $0020             32
            res_trap : $43ad          17325
                rget : $455a          17754
               rget1 : $4563          17763
                rhex : $4571          17777
                rINC : $0240            576
               rINC_ : $4695          18069
AS65 Assembler for R6502 [1.42].                                     Page    5
------------------------- .\6502_functional_test.a65 -------------------------

                rLSR : $0228            552
               rLSR_ : $467d          18045
               rmark : $453f          17727
           rmsg_cont : $45b9          17849
          rmsg_stack : $459d          17821
          rmsg_start : $4589          17801
        rmsg_success : $45eb          17899
                rnib : $457c          17788
                rprt : <macro>
                rROL : $0220            544
               rROLc : $0224            548
              rROLc_ : $4679          18041
               rROL_ : $4675          18037
                rROR : $0228            552
               rRORc : $022c            556
              rRORc_ : $4681          18049
               rROR_ : $467d          18045
               rskip : $44ff          17663
              rskipe : $453c          17724
              rskipf : $452f          17711
             rskipl1 : $4514          17684
             rskipl2 : $4516          17686
             rskipnx : $4527          17703
              rspace : $456d          17773
              rstack : $449b          17563
               rsuc1 : $4552          17746
                 rzp : $44b5          17589
                sba2 : $0204            516
               sbiy2 : $0058             88
              sbiy2_ : $465b          18011
                sbi2 : $0054             84
               sbi2_ : $4657          18007
                 sb2 : $0012             18
               set_a : <macro>
             set_abs : <macro>
            set_absx : <macro>
              set_ax : <macro>
              set_ay : <macro>
            set_stat : <macro>
               set_x : <macro>
               set_y : <macro>
               set_z : <macro>
              set_zx : <macro>
            skip0006 : $0465           1125
            skip0010 : $05b1           1457
            skip0013 : $05c6           1478
            skip0015 : $05cb           1483
            skip0017 : $05d0           1488
            skip0019 : $05d7           1495
            skip0021 : $05dc           1500
            skip0023 : $05e1           1505
            skip0025 : $05e9           1513
            skip0027 : $05ee           1518
            skip0029 : $05f3           1523
            skip0031 : $05fa           1530
            skip0033 : $05ff           1535
            skip0035 : $0604           1540
            skip0037 : $060c           1548
            skip0039 : $0611           1553
            skip0041 : $0616           1558
            skip0043 : $061d           1565
            skip0045 : $0622           1570
AS65 Assembler for R6502 [1.42].                                     Page    6
------------------------- .\6502_functional_test.a65 -------------------------

            skip0047 : $0627           1575
            skip0050 : $0631           1585
            skip0052 : $0647           1607
            skip0054 : $0650           1616
            skip0056 : $0658           1624
            skip0058 : $0660           1632
            skip0060 : $0668           1640
            skip0062 : $0670           1648
            skip0065 : $067a           1658
            skip0077 : $06b4           1716
            skip0080 : $06bc           1724
            skip0082 : $06c4           1732
            skip0095 : $06f9           1785
            skip0146 : $0803           2051
            skip0151 : $081b           2075
            skip0154 : $0824           2084
            skip0159 : $0834           2100
            skip0162 : $083d           2109
            skip0167 : $084d           2125
            skip0170 : $0856           2134
            skip0175 : $0866           2150
            skip0178 : $086f           2159
            skip0183 : $087f           2175
            skip0186 : $0888           2184
            skip0191 : $0898           2200
            skip0194 : $08a1           2209
            skip0199 : $08b1           2225
            skip0202 : $08ba           2234
            skip0207 : $08ca           2250
            skip0210 : $08d3           2259
            skip0215 : $08e3           2275
            skip0218 : $08ec           2284
            skip0223 : $08fc           2300
            skip0226 : $0905           2309
            skip0231 : $0915           2325
            skip0234 : $091e           2334
            skip0239 : $092e           2350
            skip0242 : $0937           2359
            skip0244 : $093f           2367
            skip0246 : $0946           2374
            skip0249 : $0950           2384
            skip0254 : $0965           2405
            skip0257 : $096e           2414
            skip0262 : $097f           2431
            skip0265 : $0988           2440
            skip0268 : $0993           2451
            skip0273 : $09ab           2475
            skip0276 : $09b4           2484
            skip0278 : $09bc           2492
            skip0280 : $09c3           2499
            skip0285 : $09d6           2518
            skip0288 : $09df           2527
            skip0290 : $09e7           2535
            skip0292 : $09ee           2542
            skip0295 : $09f8           2552
            skip0299 : $0a11           2577
            skip0301 : $0a18           2584
            skip0303 : $0a1d           2589
            skip0305 : $0a22           2594
            skip0307 : $0a27           2599
            skip0309 : $0a2e           2606
            skip0311 : $0a35           2613
AS65 Assembler for R6502 [1.42].                                     Page    7
------------------------- .\6502_functional_test.a65 -------------------------

            skip0313 : $0a3c           2620
            skip0315 : $0a4c           2636
            skip0317 : $0a53           2643
            skip0319 : $0a58           2648
            skip0321 : $0a5d           2653
            skip0323 : $0a62           2658
            skip0325 : $0a69           2665
            skip0327 : $0a70           2672
            skip0329 : $0a77           2679
            skip0332 : $0a81           2689
            skip0336 : $0a99           2713
            skip0338 : $0aa5           2725
            skip0340 : $0aaa           2730
            skip0342 : $0aaf           2735
            skip0344 : $0ab4           2740
            skip0346 : $0abb           2747
            skip0348 : $0ac2           2754
            skip0350 : $0ac9           2761
            skip0352 : $0ad1           2769
            skip0355 : $0adb           2779
            skip0359 : $0af7           2807
            skip0361 : $0afc           2812
            skip0363 : $0b01           2817
            skip0365 : $0b06           2822
            skip0367 : $0b0d           2829
            skip0369 : $0b14           2836
            skip0371 : $0b1b           2843
            skip0373 : $0b23           2851
            skip0376 : $0b2d           2861
            skip0379 : $0b49           2889
            skip0381 : $0b50           2896
            skip0383 : $0b57           2903
            skip0386 : $0b5f           2911
            skip0388 : $0b67           2919
            skip0391 : $0b7e           2942
            skip0393 : $0b85           2949
            skip0395 : $0b8c           2956
            skip0398 : $0b94           2964
            skip0400 : $0b9c           2972
            skip0403 : $0ba6           2982
            skip0409 : $0bba           3002
            skip0413 : $0bc6           3014
            skip0417 : $0bd2           3026
            skip0421 : $0bde           3038
            skip0425 : $0bea           3050
            skip0429 : $0bf6           3062
            skip0433 : $0c02           3074
            skip0439 : $0c11           3089
            skip0443 : $0c1d           3101
            skip0447 : $0c29           3113
            skip0451 : $0c35           3125
            skip0455 : $0c41           3137
            skip0459 : $0c4d           3149
            skip0463 : $0c59           3161
            skip0469 : $0c68           3176
            skip0473 : $0c74           3188
            skip0476 : $0c7f           3199
            skip0481 : $0c93           3219
            skip0484 : $0c9c           3228
            skip0487 : $0ca6           3238
            skip0490 : $0caf           3247
            skip0493 : $0cb9           3257
AS65 Assembler for R6502 [1.42].                                     Page    8
------------------------- .\6502_functional_test.a65 -------------------------

            skip0496 : $0cc2           3266
            skip0499 : $0ccc           3276
            skip0502 : $0cd5           3285
            skip0505 : $0cdf           3295
            skip0508 : $0ce8           3304
            skip0513 : $0cf7           3319
            skip0516 : $0d00           3328
            skip0519 : $0d0a           3338
            skip0522 : $0d13           3347
            skip0525 : $0d1d           3357
            skip0528 : $0d26           3366
            skip0531 : $0d30           3376
            skip0534 : $0d39           3385
            skip0537 : $0d43           3395
            skip0540 : $0d4c           3404
            skip0545 : $0d5c           3420
            skip0548 : $0d65           3429
            skip0551 : $0d6f           3439
            skip0554 : $0d78           3448
            skip0557 : $0d82           3458
            skip0560 : $0d8b           3467
            skip0563 : $0d95           3477
            skip0566 : $0d9e           3486
            skip0569 : $0da8           3496
            skip0572 : $0db1           3505
            skip0577 : $0dc0           3520
            skip0580 : $0dc9           3529
            skip0583 : $0dd3           3539
            skip0586 : $0ddc           3548
            skip0589 : $0de6           3558
            skip0592 : $0def           3567
            skip0595 : $0df9           3577
            skip0598 : $0e02           3586
            skip0601 : $0e0c           3596
            skip0604 : $0e15           3605
            skip0609 : $0e25           3621
            skip0612 : $0e2e           3630
            skip0615 : $0e3b           3643
            skip0618 : $0e44           3652
            skip0621 : $0e51           3665
            skip0624 : $0e5a           3674
            skip0629 : $0e68           3688
            skip0632 : $0e71           3697
            skip0635 : $0e7e           3710
            skip0638 : $0e87           3719
            skip0641 : $0e94           3732
            skip0644 : $0e9d           3741
            skip0649 : $0ead           3757
            skip0652 : $0eb6           3766
            skip0655 : $0ec3           3779
            skip0658 : $0ecc           3788
            skip0661 : $0ed9           3801
            skip0664 : $0ee2           3810
            skip0669 : $0ef0           3824
            skip0672 : $0ef9           3833
            skip0675 : $0f06           3846
            skip0678 : $0f0f           3855
            skip0681 : $0f1c           3868
            skip0684 : $0f25           3877
            skip0688 : $0f36           3894
            skip0691 : $0f3f           3903
            skip0694 : $0f4d           3917
AS65 Assembler for R6502 [1.42].                                     Page    9
------------------------- .\6502_functional_test.a65 -------------------------

            skip0697 : $0f56           3926
            skip0700 : $0f64           3940
            skip0703 : $0f6d           3949
            skip0707 : $0f7e           3966
            skip0710 : $0f87           3975
            skip0713 : $0f95           3989
            skip0716 : $0f9e           3998
            skip0719 : $0fac           4012
            skip0722 : $0fb5           4021
            skip0726 : $0fc6           4038
            skip0729 : $0fcf           4047
            skip0732 : $0fdd           4061
            skip0735 : $0fe6           4070
            skip0738 : $0ff4           4084
            skip0741 : $0ffd           4093
            skip0745 : $100e           4110
            skip0748 : $1017           4119
            skip0751 : $1025           4133
            skip0754 : $102e           4142
            skip0757 : $103c           4156
            skip0760 : $1045           4165
            skip0763 : $1050           4176
            skip0768 : $1067           4199
            skip0773 : $1077           4215
            skip0778 : $1088           4232
            skip0783 : $1098           4248
            skip0788 : $10a9           4265
            skip0795 : $10c4           4292
            skip0798 : $10ce           4302
            skip0802 : $10db           4315
            skip0805 : $10e5           4325
            skip0809 : $10f2           4338
            skip0812 : $10fc           4348
            skip0816 : $110c           4364
            skip0819 : $1116           4374
            skip0823 : $1123           4387
            skip0826 : $112d           4397
            skip0830 : $113a           4410
            skip0833 : $1144           4420
            skip0836 : $114f           4431
            skip0840 : $116f           4463
            skip0843 : $117a           4474
            skip0847 : $1198           4504
            skip0850 : $11a3           4515
            skip0854 : $11c2           4546
            skip0857 : $11cd           4557
            skip0861 : $11ec           4588
            skip0864 : $11f7           4599
            skip0866 : $120b           4619
            skip0868 : $121a           4634
            skip0871 : $122b           4651
            skip0873 : $1258           4696
            skip0875 : $1265           4709
            skip0878 : $1276           4726
            skip0882 : $1296           4758
            skip0885 : $12a1           4769
            skip0889 : $12bf           4799
            skip0892 : $12ca           4810
            skip0896 : $12e8           4840
            skip0899 : $12f3           4851
            skip0903 : $1311           4881
            skip0906 : $131c           4892
AS65 Assembler for R6502 [1.42].                                     Page   10
------------------------- .\6502_functional_test.a65 -------------------------

            skip0908 : $132e           4910
            skip0910 : $133d           4925
            skip0913 : $134e           4942
            skip0915 : $1379           4985
            skip0917 : $1386           4998
            skip0920 : $1397           5015
            skip0924 : $13b6           5046
            skip0927 : $13c1           5057
            skip0931 : $13db           5083
            skip0934 : $13e6           5094
            skip0938 : $1400           5120
            skip0941 : $140b           5131
            skip0945 : $1425           5157
            skip0948 : $1430           5168
            skip0952 : $144a           5194
            skip0955 : $1455           5205
            skip0959 : $146f           5231
            skip0962 : $147a           5242
            skip0966 : $1494           5268
            skip0969 : $149f           5279
            skip0973 : $14b9           5305
            skip0976 : $14c4           5316
            skip0980 : $14dd           5341
            skip0983 : $14e8           5352
            skip0987 : $1501           5377
            skip0990 : $150c           5388
            skip0994 : $1525           5413
            skip0997 : $1530           5424
            skip1001 : $1549           5449
            skip1004 : $1554           5460
            skip1008 : $156e           5486
            skip1011 : $1579           5497
            skip1015 : $1593           5523
            skip1018 : $159e           5534
            skip1022 : $15b8           5560
            skip1025 : $15c3           5571
            skip1029 : $15dd           5597
            skip1032 : $15e8           5608
            skip1036 : $15f7           5623
            skip1039 : $1602           5634
            skip1043 : $1611           5649
            skip1046 : $161c           5660
            skip1050 : $162b           5675
            skip1053 : $1636           5686
            skip1057 : $1645           5701
            skip1060 : $1650           5712
            skip1064 : $165f           5727
            skip1067 : $166a           5738
            skip1071 : $1679           5753
            skip1074 : $1684           5764
            skip1078 : $1693           5779
            skip1081 : $169e           5790
            skip1085 : $16ad           5805
            skip1088 : $16b8           5816
            skip1090 : $16c5           5829
            skip1092 : $16d4           5844
            skip1094 : $16e2           5858
            skip1096 : $16f1           5873
            skip1098 : $16ff           5887
            skip1100 : $170e           5902
            skip1102 : $171c           5916
            skip1104 : $172b           5931
AS65 Assembler for R6502 [1.42].                                     Page   11
------------------------- .\6502_functional_test.a65 -------------------------

            skip1107 : $1738           5944
            skip1111 : $1757           5975
            skip1114 : $1762           5986
            skip1118 : $177c           6012
            skip1121 : $1787           6023
            skip1125 : $17a1           6049
            skip1128 : $17ac           6060
            skip1132 : $17c6           6086
            skip1135 : $17d1           6097
            skip1139 : $17eb           6123
            skip1142 : $17f6           6134
            skip1146 : $1810           6160
            skip1149 : $181b           6171
            skip1153 : $1835           6197
            skip1156 : $1840           6208
            skip1160 : $185a           6234
            skip1163 : $1865           6245
            skip1167 : $187f           6271
            skip1170 : $188a           6282
            skip1174 : $18a4           6308
            skip1177 : $18af           6319
            skip1181 : $18c9           6345
            skip1184 : $18d4           6356
            skip1188 : $18ee           6382
            skip1191 : $18f9           6393
            skip1195 : $1913           6419
            skip1198 : $191e           6430
            skip1202 : $1938           6456
            skip1205 : $1943           6467
            skip1209 : $195d           6493
            skip1212 : $1968           6504
            skip1216 : $1982           6530
            skip1219 : $198d           6541
            skip1223 : $199c           6556
            skip1226 : $19a7           6567
            skip1230 : $19b6           6582
            skip1233 : $19c1           6593
            skip1237 : $19d0           6608
            skip1240 : $19db           6619
            skip1244 : $19ea           6634
            skip1247 : $19f5           6645
            skip1251 : $1a04           6660
            skip1254 : $1a0f           6671
            skip1258 : $1a1e           6686
            skip1261 : $1a29           6697
            skip1265 : $1a38           6712
            skip1268 : $1a43           6723
            skip1272 : $1a52           6738
            skip1275 : $1a5d           6749
            skip1277 : $1a6a           6762
            skip1279 : $1a79           6777
            skip1281 : $1a87           6791
            skip1283 : $1a96           6806
            skip1285 : $1aa4           6820
            skip1287 : $1ab3           6835
            skip1289 : $1ac1           6849
            skip1291 : $1ad0           6864
            skip1294 : $1add           6877
            skip1298 : $1afc           6908
            skip1301 : $1b07           6919
            skip1305 : $1b24           6948
            skip1308 : $1b2f           6959
AS65 Assembler for R6502 [1.42].                                     Page   12
------------------------- .\6502_functional_test.a65 -------------------------

            skip1312 : $1b4b           6987
            skip1315 : $1b56           6998
            skip1319 : $1b72           7026
            skip1322 : $1b7d           7037
            skip1324 : $1b8f           7055
            skip1326 : $1b9e           7070
            skip1329 : $1baf           7087
            skip1333 : $1bce           7118
            skip1336 : $1bd9           7129
            skip1340 : $1bf6           7158
            skip1343 : $1c01           7169
            skip1345 : $1c15           7189
            skip1349 : $1c35           7221
            skip1352 : $1c40           7232
            skip1356 : $1c5c           7260
            skip1359 : $1c67           7271
            skip1361 : $1c7b           7291
            skip1365 : $1c9d           7325
            skip1368 : $1ca8           7336
            skip1372 : $1cc8           7368
            skip1375 : $1cd3           7379
            skip1377 : $1ce9           7401
            skip1380 : $1cfa           7418
            skip1382 : $1d24           7460
            skip1384 : $1d31           7473
            skip1386 : $1d57           7511
            skip1388 : $1d79           7545
            skip1390 : $1d9e           7582
            skip1393 : $1daf           7599
            skip1397 : $1dcb           7627
            skip1400 : $1dd6           7638
            skip1404 : $1ded           7661
            skip1407 : $1df8           7672
            skip1411 : $1e0f           7695
            skip1414 : $1e1a           7706
            skip1418 : $1e31           7729
            skip1421 : $1e3c           7740
            skip1425 : $1e53           7763
            skip1428 : $1e5e           7774
            skip1432 : $1e75           7797
            skip1435 : $1e80           7808
            skip1439 : $1e97           7831
            skip1442 : $1ea2           7842
            skip1446 : $1eb9           7865
            skip1449 : $1ec4           7876
            skip1453 : $1edb           7899
            skip1456 : $1ee6           7910
            skip1460 : $1efd           7933
            skip1463 : $1f08           7944
            skip1467 : $1f1f           7967
            skip1470 : $1f2a           7978
            skip1474 : $1f41           8001
            skip1477 : $1f4c           8012
            skip1481 : $1f63           8035
            skip1484 : $1f6e           8046
            skip1488 : $1f85           8069
            skip1491 : $1f90           8080
            skip1495 : $1fa7           8103
            skip1498 : $1fb2           8114
            skip1502 : $1fc9           8137
            skip1505 : $1fd4           8148
            skip1509 : $1fe3           8163
AS65 Assembler for R6502 [1.42].                                     Page   13
------------------------- .\6502_functional_test.a65 -------------------------

            skip1512 : $1fee           8174
            skip1516 : $1ffd           8189
            skip1519 : $2008           8200
            skip1523 : $2017           8215
            skip1526 : $2022           8226
            skip1530 : $2031           8241
            skip1533 : $203c           8252
            skip1537 : $204b           8267
            skip1540 : $2056           8278
            skip1544 : $2065           8293
            skip1547 : $2070           8304
            skip1551 : $207f           8319
            skip1554 : $208a           8330
            skip1558 : $2099           8345
            skip1561 : $20a4           8356
            skip1563 : $20b1           8369
            skip1565 : $20c0           8384
            skip1567 : $20ce           8398
            skip1569 : $20dd           8413
            skip1571 : $20eb           8427
            skip1573 : $20fa           8442
            skip1575 : $2108           8456
            skip1577 : $2117           8471
            skip1580 : $2124           8484
            skip1585 : $2139           8505
            skip1588 : $2142           8514
            skip1593 : $2153           8531
            skip1596 : $215c           8540
            skip1601 : $216d           8557
            skip1604 : $2176           8566
            skip1609 : $2187           8583
            skip1612 : $2190           8592
            skip1617 : $21a1           8609
            skip1620 : $21aa           8618
            skip1625 : $21bb           8635
            skip1628 : $21c4           8644
            skip1633 : $21d5           8661
            skip1636 : $21de           8670
            skip1641 : $21ef           8687
            skip1644 : $21f8           8696
            skip1649 : $220a           8714
            skip1652 : $2213           8723
            skip1657 : $2225           8741
            skip1660 : $222e           8750
            skip1665 : $2240           8768
            skip1668 : $2249           8777
            skip1673 : $225b           8795
            skip1676 : $2264           8804
            skip1681 : $2276           8822
            skip1684 : $227f           8831
            skip1689 : $2291           8849
            skip1692 : $229a           8858
            skip1697 : $22ac           8876
            skip1700 : $22b5           8885
            skip1705 : $22c7           8903
            skip1708 : $22d0           8912
            skip1711 : $22db           8923
            skip1717 : $22f2           8946
            skip1721 : $2300           8960
            skip1724 : $230c           8972
            skip1727 : $2315           8981
            skip1733 : $2328           9000
AS65 Assembler for R6502 [1.42].                                     Page   14
------------------------- .\6502_functional_test.a65 -------------------------

            skip1737 : $2336           9014
            skip1740 : $2342           9026
            skip1743 : $234b           9035
            skip1749 : $235f           9055
            skip1753 : $236e           9070
            skip1756 : $237b           9083
            skip1759 : $2384           9092
            skip1765 : $2398           9112
            skip1769 : $23a7           9127
            skip1772 : $23b4           9140
            skip1775 : $23bd           9149
            skip1781 : $23d0           9168
            skip1785 : $23de           9182
            skip1788 : $23ea           9194
            skip1791 : $23f3           9203
            skip1797 : $2406           9222
            skip1801 : $2414           9236
            skip1804 : $2420           9248
            skip1807 : $2429           9257
            skip1810 : $2434           9268
            skip1816 : $244b           9291
            skip1820 : $2459           9305
            skip1823 : $2465           9317
            skip1826 : $246e           9326
            skip1832 : $2481           9345
            skip1836 : $248f           9359
            skip1839 : $249b           9371
            skip1842 : $24a4           9380
            skip1848 : $24b8           9400
            skip1852 : $24c7           9415
            skip1855 : $24d4           9428
            skip1858 : $24dd           9437
            skip1864 : $24f1           9457
            skip1868 : $2500           9472
            skip1871 : $250d           9485
            skip1874 : $2516           9494
            skip1880 : $2529           9513
            skip1884 : $2537           9527
            skip1887 : $2543           9539
            skip1890 : $254c           9548
            skip1896 : $255f           9567
            skip1900 : $256d           9581
            skip1903 : $2579           9593
            skip1906 : $2582           9602
            skip1909 : $258d           9613
            skip1914 : $25a2           9634
            skip1917 : $25ab           9643
            skip1922 : $25bc           9660
            skip1925 : $25c5           9669
            skip1930 : $25d6           9686
            skip1933 : $25df           9695
            skip1938 : $25f0           9712
            skip1941 : $25f9           9721
            skip1946 : $260a           9738
            skip1949 : $2613           9747
            skip1954 : $2624           9764
            skip1957 : $262d           9773
            skip1962 : $263f           9791
            skip1965 : $2648           9800
            skip1970 : $265a           9818
            skip1973 : $2663           9827
            skip1978 : $2675           9845
AS65 Assembler for R6502 [1.42].                                     Page   15
------------------------- .\6502_functional_test.a65 -------------------------

            skip1981 : $267e           9854
            skip1986 : $2690           9872
            skip1989 : $2699           9881
            skip1994 : $26ab           9899
            skip1997 : $26b4           9908
            skip2002 : $26c6           9926
            skip2005 : $26cf           9935
            skip2010 : $26e0           9952
            skip2013 : $26e9           9961
            skip2018 : $26fa           9978
            skip2021 : $2703           9987
            skip2026 : $2714          10004
            skip2029 : $271d          10013
            skip2034 : $272e          10030
            skip2037 : $2737          10039
            skip2042 : $2748          10056
            skip2045 : $2751          10065
            skip2050 : $2762          10082
            skip2053 : $276b          10091
            skip2058 : $277e          10110
            skip2061 : $2787          10119
            skip2066 : $2798          10136
            skip2069 : $27a1          10145
            skip2074 : $27b2          10162
            skip2077 : $27bb          10171
            skip2082 : $27cc          10188
            skip2085 : $27d5          10197
            skip2090 : $27e6          10214
            skip2093 : $27ef          10223
            skip2098 : $2800          10240
            skip2101 : $2809          10249
            skip2106 : $281b          10267
            skip2109 : $2824          10276
            skip2114 : $2836          10294
            skip2117 : $283f          10303
            skip2122 : $2851          10321
            skip2125 : $285a          10330
            skip2130 : $286c          10348
            skip2133 : $2875          10357
            skip2138 : $2887          10375
            skip2141 : $2890          10384
            skip2146 : $28a2          10402
            skip2149 : $28ab          10411
            skip2154 : $28c1          10433
            skip2157 : $28ca          10442
            skip2162 : $28dc          10460
            skip2165 : $28e5          10469
            skip2170 : $28f7          10487
            skip2173 : $2900          10496
            skip2178 : $2912          10514
            skip2181 : $291b          10523
            skip2186 : $292d          10541
            skip2189 : $2936          10550
            skip2194 : $2948          10568
            skip2197 : $2951          10577
            skip2202 : $2962          10594
            skip2205 : $296b          10603
            skip2210 : $297c          10620
            skip2213 : $2985          10629
            skip2218 : $2996          10646
            skip2221 : $299f          10655
            skip2226 : $29b0          10672
AS65 Assembler for R6502 [1.42].                                     Page   16
------------------------- .\6502_functional_test.a65 -------------------------

            skip2229 : $29b9          10681
            skip2234 : $29ca          10698
            skip2237 : $29d3          10707
            skip2242 : $29e4          10724
            skip2245 : $29ed          10733
            skip2250 : $29fe          10750
            skip2253 : $2a07          10759
            skip2258 : $2a18          10776
            skip2261 : $2a21          10785
            skip2266 : $2a32          10802
            skip2269 : $2a3b          10811
            skip2274 : $2a4c          10828
            skip2277 : $2a55          10837
            skip2282 : $2a66          10854
            skip2285 : $2a6f          10863
            skip2290 : $2a80          10880
            skip2293 : $2a89          10889
            skip2296 : $2a94          10900
            skip2301 : $2aab          10923
            skip2304 : $2ab6          10934
            skip2309 : $2acb          10955
            skip2312 : $2ad6          10966
            skip2317 : $2aeb          10987
            skip2320 : $2af6          10998
            skip2325 : $2b0b          11019
            skip2328 : $2b16          11030
            skip2333 : $2b2b          11051
            skip2336 : $2b36          11062
            skip2341 : $2b4b          11083
            skip2344 : $2b56          11094
            skip2349 : $2b6b          11115
            skip2352 : $2b76          11126
            skip2357 : $2b8b          11147
            skip2360 : $2b96          11158
            skip2365 : $2bab          11179
            skip2368 : $2bb6          11190
            skip2373 : $2bcb          11211
            skip2376 : $2bd6          11222
            skip2381 : $2beb          11243
            skip2384 : $2bf6          11254
            skip2389 : $2c0b          11275
            skip2392 : $2c16          11286
            skip2395 : $2c23          11299
            skip2400 : $2c3f          11327
            skip2403 : $2c4a          11338
            skip2408 : $2c64          11364
            skip2411 : $2c6f          11375
            skip2416 : $2c89          11401
            skip2419 : $2c94          11412
            skip2424 : $2cae          11438
            skip2427 : $2cb9          11449
            skip2432 : $2cd3          11475
            skip2435 : $2cde          11486
            skip2440 : $2cf8          11512
            skip2443 : $2d03          11523
            skip2448 : $2d1d          11549
            skip2451 : $2d28          11560
            skip2456 : $2d42          11586
            skip2459 : $2d4d          11597
            skip2464 : $2d67          11623
            skip2467 : $2d72          11634
            skip2472 : $2d8c          11660
AS65 Assembler for R6502 [1.42].                                     Page   17
------------------------- .\6502_functional_test.a65 -------------------------

            skip2475 : $2d97          11671
            skip2480 : $2db1          11697
            skip2483 : $2dbc          11708
            skip2488 : $2dd6          11734
            skip2491 : $2de1          11745
            skip2494 : $2dee          11758
            skip2499 : $2e0d          11789
            skip2502 : $2e18          11800
            skip2507 : $2e35          11829
            skip2510 : $2e40          11840
            skip2515 : $2e5d          11869
            skip2518 : $2e68          11880
            skip2523 : $2e85          11909
            skip2526 : $2e90          11920
            skip2531 : $2ead          11949
            skip2534 : $2eb8          11960
            skip2539 : $2ed5          11989
            skip2542 : $2ee0          12000
            skip2547 : $2efd          12029
            skip2550 : $2f08          12040
            skip2555 : $2f25          12069
            skip2558 : $2f30          12080
            skip2563 : $2f4d          12109
            skip2566 : $2f58          12120
            skip2571 : $2f75          12149
            skip2574 : $2f80          12160
            skip2579 : $2f9d          12189
            skip2582 : $2fa8          12200
            skip2587 : $2fc5          12229
            skip2590 : $2fd0          12240
            skip2593 : $2fdd          12253
            skip2598 : $2ff9          12281
            skip2601 : $3004          12292
            skip2606 : $301e          12318
            skip2609 : $3029          12329
            skip2614 : $3043          12355
            skip2617 : $304e          12366
            skip2622 : $3068          12392
            skip2625 : $3073          12403
            skip2630 : $308d          12429
            skip2633 : $3098          12440
            skip2638 : $30b2          12466
            skip2641 : $30bd          12477
            skip2646 : $30d7          12503
            skip2649 : $30e2          12514
            skip2654 : $30fc          12540
            skip2657 : $3107          12551
            skip2662 : $3121          12577
            skip2665 : $312c          12588
            skip2670 : $3146          12614
            skip2673 : $3151          12625
            skip2678 : $316b          12651
            skip2681 : $3176          12662
            skip2686 : $3190          12688
            skip2689 : $319b          12699
            skip2692 : $31a8          12712
            skip2697 : $31c7          12743
            skip2700 : $31d2          12754
            skip2705 : $31ef          12783
            skip2708 : $31fa          12794
            skip2713 : $3217          12823
            skip2716 : $3222          12834
AS65 Assembler for R6502 [1.42].                                     Page   18
------------------------- .\6502_functional_test.a65 -------------------------

            skip2721 : $323f          12863
            skip2724 : $324a          12874
            skip2729 : $3267          12903
            skip2732 : $3272          12914
            skip2737 : $328f          12943
            skip2740 : $329a          12954
            skip2745 : $32b7          12983
            skip2748 : $32c2          12994
            skip2753 : $32df          13023
            skip2756 : $32ea          13034
            skip2761 : $3307          13063
            skip2764 : $3312          13074
            skip2769 : $332f          13103
            skip2772 : $333a          13114
            skip2777 : $3357          13143
            skip2780 : $3362          13154
            skip2785 : $337f          13183
            skip2788 : $338a          13194
            skip2791 : $3397          13207
            skip2796 : $33b3          13235
            skip2799 : $33be          13246
            skip2804 : $33df          13279
            skip2807 : $33ea          13290
            skip2812 : $340e          13326
            skip2815 : $3419          13337
            skip2820 : $343a          13370
            skip2823 : $3445          13381
            skip2826 : $345c          13404
            skip2831 : $347b          13435
            skip2834 : $3486          13446
            skip2839 : $34ab          13483
            skip2842 : $34b6          13494
            skip2847 : $34de          13534
            skip2850 : $34e9          13545
            skip2855 : $350e          13582
            skip2858 : $3519          13593
            skip2861 : $3531          13617
            skip2866 : $354d          13645
            skip2869 : $3558          13656
            skip2874 : $357b          13691
            skip2877 : $3586          13702
            skip2882 : $35aa          13738
            skip2885 : $35b5          13749
            skip2890 : $35d8          13784
            skip2893 : $35e3          13795
            skip2896 : $35fa          13818
            skip2901 : $3619          13849
            skip2904 : $3624          13860
            skip2909 : $364b          13899
            skip2912 : $3656          13910
            skip2917 : $367e          13950
            skip2920 : $3689          13961
            skip2925 : $36b0          14000
            skip2928 : $36bb          14011
            skip2931 : $36d3          14035
            skip2936 : $36f2          14066
            skip2939 : $36fd          14077
            skip2944 : $371a          14106
            skip2947 : $3725          14117
            skip2952 : $3740          14144
            skip2955 : $374b          14155
            skip2960 : $3766          14182
AS65 Assembler for R6502 [1.42].                                     Page   19
------------------------- .\6502_functional_test.a65 -------------------------

            skip2963 : $3771          14193
            skip2968 : $378e          14222
            skip2971 : $3799          14233
            skip2976 : $37b6          14262
            skip2979 : $37c1          14273
            skip2984 : $37d8          14296
            skip2987 : $37e3          14307
            skip2992 : $37fa          14330
            skip2995 : $3805          14341
            skip3000 : $381d          14365
            skip3003 : $3828          14376
            skip3008 : $3840          14400
            skip3011 : $384b          14411
            skip3016 : $3863          14435
            skip3019 : $386e          14446
            skip3024 : $3886          14470
            skip3027 : $3891          14481
            skip3032 : $38aa          14506
            skip3035 : $38b5          14517
            skip3040 : $38d0          14544
            skip3043 : $38db          14555
            skip3048 : $38f4          14580
            skip3051 : $38ff          14591
            skip3056 : $3916          14614
            skip3059 : $3921          14625
            skip3062 : $392e          14638
            skip3067 : $394d          14669
            skip3070 : $3958          14680
            skip3075 : $3975          14709
            skip3078 : $3980          14720
            skip3083 : $399b          14747
            skip3086 : $39a6          14758
            skip3091 : $39c1          14785
            skip3094 : $39cc          14796
            skip3099 : $39e9          14825
            skip3102 : $39f4          14836
            skip3107 : $3a11          14865
            skip3110 : $3a1c          14876
            skip3115 : $3a33          14899
            skip3118 : $3a3e          14910
            skip3123 : $3a55          14933
            skip3126 : $3a60          14944
            skip3131 : $3a78          14968
            skip3134 : $3a83          14979
            skip3139 : $3a9b          15003
            skip3142 : $3aa6          15014
            skip3147 : $3abe          15038
            skip3150 : $3ac9          15049
            skip3155 : $3ae1          15073
            skip3158 : $3aec          15084
            skip3163 : $3b05          15109
            skip3166 : $3b10          15120
            skip3171 : $3b2b          15147
            skip3174 : $3b36          15158
            skip3179 : $3b4f          15183
            skip3182 : $3b5a          15194
            skip3187 : $3b71          15217
            skip3190 : $3b7c          15228
            skip3193 : $3b89          15241
            skip3198 : $3ba8          15272
            skip3201 : $3bb3          15283
            skip3206 : $3bd0          15312
AS65 Assembler for R6502 [1.42].                                     Page   20
------------------------- .\6502_functional_test.a65 -------------------------

            skip3209 : $3bdb          15323
            skip3214 : $3bf6          15350
            skip3217 : $3c01          15361
            skip3222 : $3c1c          15388
            skip3225 : $3c27          15399
            skip3230 : $3c44          15428
            skip3233 : $3c4f          15439
            skip3238 : $3c6c          15468
            skip3241 : $3c77          15479
            skip3246 : $3c8e          15502
            skip3249 : $3c99          15513
            skip3254 : $3cb0          15536
            skip3257 : $3cbb          15547
            skip3262 : $3cd3          15571
            skip3265 : $3cde          15582
            skip3270 : $3cf6          15606
            skip3273 : $3d01          15617
            skip3278 : $3d19          15641
            skip3281 : $3d24          15652
            skip3286 : $3d3c          15676
            skip3289 : $3d47          15687
            skip3294 : $3d60          15712
            skip3297 : $3d6b          15723
            skip3302 : $3d86          15750
            skip3305 : $3d91          15761
            skip3310 : $3daa          15786
            skip3313 : $3db5          15797
            skip3318 : $3dcc          15820
            skip3321 : $3dd7          15831
            skip3324 : $3de5          15845
            skip3327 : $3e4d          15949
            skip3330 : $3ef4          16116
            skip3332 : $3f07          16135
            skip3334 : $3f15          16149
            skip3336 : $3f22          16162
            skip3338 : $3f2e          16174
            skip3340 : $3f4b          16203
            skip3342 : $3f57          16215
            skip3344 : $3f61          16225
            skip3348 : $3f79          16249
            skip3350 : $3f83          16259
            skip3352 : $3f91          16273
            skip3354 : $3f9b          16283
            skip3356 : $3faa          16298
            skip3358 : $3fb4          16308
            skip3360 : $3fc3          16323
            skip3362 : $3fcd          16333
            skip3364 : $3fe1          16353
            skip3366 : $3feb          16363
            skip3368 : $3fff          16383
            skip3370 : $4009          16393
            skip3372 : $4017          16407
            skip3374 : $4021          16417
            skip3376 : $402f          16431
            skip3378 : $4039          16441
            skip3380 : $4048          16456
            skip3382 : $4052          16466
            skip3384 : $4061          16481
            skip3386 : $406b          16491
            skip3388 : $407a          16506
            skip3390 : $4084          16516
            skip3392 : $4093          16531
AS65 Assembler for R6502 [1.42].                                     Page   21
------------------------- .\6502_functional_test.a65 -------------------------

            skip3394 : $409d          16541
            skip3396 : $40ab          16555
            skip3398 : $40b5          16565
            skip3400 : $40c3          16579
            skip3402 : $40cd          16589
            skip3404 : $40db          16603
            skip3406 : $40e5          16613
            skip3408 : $40f3          16627
            skip3410 : $40fd          16637
            skip3412 : $4124          16676
            skip3414 : $412e          16686
            skip3416 : $413c          16700
            skip3418 : $4146          16710
            skip3420 : $4155          16725
            skip3422 : $415f          16735
            skip3424 : $416e          16750
            skip3426 : $4178          16760
            skip3428 : $418c          16780
            skip3430 : $4196          16790
            skip3432 : $41aa          16810
            skip3434 : $41b4          16820
            skip3436 : $41c2          16834
            skip3438 : $41cc          16844
            skip3440 : $41da          16858
            skip3442 : $41e4          16868
            skip3444 : $41f3          16883
            skip3446 : $41fd          16893
            skip3448 : $420c          16908
            skip3450 : $4216          16918
            skip3452 : $4225          16933
            skip3454 : $422f          16943
            skip3456 : $423e          16958
            skip3458 : $4248          16968
            skip3460 : $4256          16982
            skip3462 : $4260          16992
            skip3464 : $426e          17006
            skip3466 : $4278          17016
            skip3468 : $4286          17030
            skip3470 : $4290          17040
            skip3472 : $429e          17054
            skip3474 : $42a8          17064
            skip3476 : $42b6          17078
            skip3478 : $42bb          17083
            skip3480 : $42c0          17088
            skip3482 : $42c5          17093
            skip3484 : $42cc          17100
            skip3486 : $42d3          17107
            skip3488 : $42da          17114
            skip3490 : $42e5          17125
            skip3495 : $4305          17157
            skip3497 : $430a          17162
            skip3499 : $430f          17167
            skip3501 : $4314          17172
            skip3503 : $431b          17179
            skip3505 : $4322          17186
            skip3507 : $4329          17193
            skip3509 : $4334          17204
            skip3514 : $4353          17235
            skip3516 : $4358          17240
            skip3518 : $435d          17245
            skip3520 : $4362          17250
            skip3522 : $4369          17257
AS65 Assembler for R6502 [1.42].                                     Page   22
------------------------- .\6502_functional_test.a65 -------------------------

            skip3524 : $4370          17264
            skip3526 : $4377          17271
            skip3528 : $4382          17282
            skip3530 : $438c          17292
            skip3532 : $4396          17302
            skip3539 : $43c4          17348
            skip3541 : $43cb          17355
            skip3543 : $43d2          17362
            skip3546 : $43e1          17377
            skip3549 : $43e9          17385
            skip3551 : $43f1          17393
            skip3553 : $43fb          17403
            skip3555 : $4405          17413
            skip3559 : $441e          17438
            skip3561 : $4425          17445
            skip3564 : $4434          17460
            skip3567 : $443e          17470
            skip3569 : $4446          17478
            skip3571 : $4450          17488
            skip3573 : $445a          17498
               start : $0400           1024
             success : <macro>
                tadd : $3e09          15881
               tadd1 : $3e1b          15899
                tand : $36da          14042
               tand1 : $3702          14082
              tand10 : $3850          14416
              tand11 : $3873          14451
              tand12 : $3898          14488
              tand13 : $38be          14526
              tand14 : $38e2          14562
              tand15 : $3904          14596
               tand2 : $372a          14122
               tand3 : $3750          14160
               tand4 : $3776          14198
               tand5 : $379e          14238
               tand6 : $37c6          14278
               tand7 : $37e8          14312
               tand8 : $380a          14346
               tand9 : $382d          14381
                tasl : $2a9b          10907
               tasl1 : $2abb          10939
               tasl2 : $2c2a          11306
               tasl3 : $2c4f          11343
               tasl4 : $2df5          11765
               tasl5 : $2e1d          11805
               tasl6 : $2fe4          12260
               tasl7 : $3009          12297
               tasl8 : $31af          12719
               tasl9 : $31d7          12759
                tdad : $3e6f          15983
               tdad1 : $3e81          16001
               tdad2 : $3e91          16017
               tdad3 : $3e93          16019
               tdad4 : $3ead          16045
               tdad5 : $3eb2          16050
               tdad6 : $3ed6          16086
               tdad7 : $3eea          16106
                tdec : $33ce          13262
               tdec1 : $33f7          13303
              tdec10 : $3429          13353
              tdec11 : $3452          13394
AS65 Assembler for R6502 [1.42].                                     Page   23
------------------------- .\6502_functional_test.a65 -------------------------

              tdec12 : $34fb          13563
              tdec13 : $3527          13607
              tdec14 : $35c5          13765
              tdec15 : $35f0          13808
              tdec16 : $369a          13978
              tdec17 : $36c9          14025
               tdec2 : $3498          13464
               tdec3 : $34c4          13508
               tdec4 : $3568          13672
               tdec5 : $3593          13715
               tdec6 : $3635          13877
               tdec7 : $3664          13924
                teor : $3935          14645
               teor1 : $395d          14685
              teor10 : $3aab          15019
              teor11 : $3ace          15054
              teor12 : $3af3          15091
              teor13 : $3b19          15129
              teor14 : $3b3d          15165
              teor15 : $3b5f          15199
               teor2 : $3985          14725
               teor3 : $39ab          14763
               teor4 : $39d1          14801
               teor5 : $39f9          14841
               teor6 : $3a21          14881
               teor7 : $3a43          14915
               teor8 : $3a65          14949
               teor9 : $3a88          14984
            test_bne : $05bd           1469
           test_case : $0200            512
            test_far : $42ac          17068
            test_ind : $42fb          17147
            test_jsr : $4349          17225
           test_near : $0a4e           2638
            test_num : $002b             43   *
                tinc : $33a2          13218
               tinc1 : $33c7          13255
              tinc10 : $33fd          13309
              tinc11 : $3422          13346
              tinc12 : $34cb          13515
              tinc13 : $34f3          13555
              tinc14 : $3597          13719
              tinc15 : $35be          13758
              tinc16 : $3668          13928
              tinc17 : $3693          13971
               tinc2 : $3468          13416
               tinc3 : $3490          13456
               tinc4 : $353a          13626
               tinc5 : $3561          13665
               tinc6 : $3603          13827
               tinc7 : $362e          13870
               tldax : $1ae4           6884
              tldax1 : $1b0c           6924
              tldax2 : $1b34           6964
              tldax3 : $1b5b           7003
              tldax4 : $1c86           7302
              tldax5 : $1cb1           7345
              tldax6 : $1d01           7425
              tldax7 : $1d0d           7437
               tlday : $1bb6           7094
              tlday1 : $1bde           7134
              tlday2 : $1c1e           7198
AS65 Assembler for R6502 [1.42].                                     Page   24
------------------------- .\6502_functional_test.a65 -------------------------

              tlday3 : $1c45           7237
              tlday4 : $1d3c           7484
              tlday5 : $1d60           7520
              tlday6 : $1d84           7556
                tldx : $1156           4438
               tldx1 : $117f           4479
               tldx2 : $11a8           4520
               tldx3 : $11d2           4562
               tldx4 : $1232           4658
               tldx5 : $123f           4671
                tldy : $127d           4733
               tldy1 : $12a6           4774
               tldy2 : $12cf           4815
               tldy3 : $12f8           4856
               tldy4 : $1355           4949
               tldy5 : $1362           4962
                tlsr : $2adb          10971
               tlsr1 : $2afb          11003
               tlsr2 : $2c74          11380
               tlsr3 : $2c99          11417
               tlsr4 : $2e45          11845
               tlsr5 : $2e6d          11885
               tlsr6 : $302e          12334
               tlsr7 : $3053          12371
               tlsr8 : $31ff          12799
               tlsr9 : $3227          12839
                tora : $3b90          15248
               tora1 : $3bb8          15288
              tora10 : $3d06          15622
              tora11 : $3d29          15657
              tora12 : $3d4e          15694
              tora13 : $3d74          15732
              tora14 : $3d98          15768
              tora15 : $3dba          15802
               tora2 : $3be0          15328
               tora3 : $3c06          15366
               tora4 : $3c2c          15404
               tora5 : $3c54          15444
               tora6 : $3c7c          15484
               tora7 : $3c9e          15518
               tora8 : $3cc0          15552
               tora9 : $3ce3          15587
                trap : <macro>
             trap_cc : <macro>
             trap_cs : <macro>
             trap_eq : <macro>
             trap_mi : <macro>
             trap_ne : <macro>
             trap_pl : <macro>
             trap_vc : <macro>
             trap_vs : <macro>
                trol : $2b1b          11035
               trolc : $2b5b          11099
              trolc1 : $2b7b          11131
              trolc2 : $2d08          11528
              trolc3 : $2d2d          11565
              trolc4 : $2ee5          12005
              trolc5 : $2f0d          12045
              trolc6 : $30c2          12482
              trolc7 : $30e7          12519
              trolc8 : $329f          12959
              trolc9 : $32c7          12999
AS65 Assembler for R6502 [1.42].                                     Page   25
------------------------- .\6502_functional_test.a65 -------------------------

               trol1 : $2b3b          11067
               trol2 : $2cbe          11454
               trol3 : $2ce3          11491
               trol4 : $2e95          11925
               trol5 : $2ebd          11965
               trol6 : $3078          12408
               trol7 : $309d          12445
               trol8 : $324f          12879
               trol9 : $3277          12919
                tror : $2b9b          11163
               trorc : $2bdb          11227
              trorc1 : $2bfb          11259
              trorc2 : $2d9c          11676
              trorc3 : $2dc1          11713
              trorc4 : $2f85          12165
              trorc5 : $2fad          12205
              trorc6 : $3156          12630
              trorc7 : $317b          12667
              trorc8 : $333f          13119
              trorc9 : $3367          13159
               tror1 : $2bbb          11195
               tror2 : $2d52          11602
               tror3 : $2d77          11639
               tror4 : $2f35          12085
               tror5 : $2f5d          12125
               tror6 : $310c          12556
               tror7 : $3131          12593
               tror8 : $32ef          13039
               tror9 : $3317          13079
               tstax : $1b84           7044
              tstax1 : $1d1b           7451
               tstay : $1c08           7176
              tstay1 : $1c6e           7278
              tstay2 : $1cdc           7388
              tstay4 : $1d4c           7500
              tstay5 : $1d6e           7534
              tstay6 : $1d93           7571
                tstx : $11fe           4606
               tstx1 : $124d           4685
                tsty : $1323           4899
               tsty1 : $1370           4976
               tst_a : <macro>
             tst_abs : <macro>
            tst_absx : <macro>
              tst_ax : <macro>
              tst_ay : <macro>
            tst_stat : <macro>
               tst_x : <macro>
               tst_y : <macro>
               tst_z : <macro>
              tst_zx : <macro>
             vec_bss : $fffa          65530
            vec_init : $46bf          18111
                zero : $0002              2
           zero_page : $000a             10   *
                zpAN : $001c             28
               zpAN_ : $461f          17951
                zpEO : $0020             32
               zpEO_ : $4623          17955
                zpOR : $0018             24
               zpOR_ : $461b          17947
                 zpt : $000c             12
AS65 Assembler for R6502 [1.42].                                     Page   26
------------------------- .\6502_functional_test.a65 -------------------------

                 zp1 : $0013             19
                zp1_ : $4616          17942
                zp7f : $0017             23
               zp7f_ : $461a          17946
              zp_bss : $0013             19
          zp_bss_end : $005a             90
              zp_end : $465d          18013
             zp_init : $4616          17942
            __6502__ : $0001              1

1519 labels used

6322 lines read, no errors in pass 1.
------------------ Memory Usage Map ('x'=used, '-'=unused) -------------------

0400 : xxxxxxxxxxxxxxxx xxxxxxxxxxxxxxxx xxxxxxxxxxxxxxxx xxxxxxxxxxxxxxxx 
0440 : xxxxxxxxxxxxxxxx xxxxxxxxxxxxxxxx xxxxxxxxxxxxxxxx xxxxxxxxxxxxxxxx 
0480 : xxxxxxxxxxxxxxxx xxxxxxxxxxxxxxxx xxxxxxxxxxxxxxxx xxxxxxxxxxxxxxxx 
04c0 : xxxxxxxxxxxxxxxx xxxxxxxxxxxxxxxx xxxxxxxxxxxxxxxx xxxxxxxxxxxxxxxx 
0500 : xxxxxxxxxxxxxxxx xxxxxxxxxxxxxxxx xxxxxxxxxxxxxxxx xxxxxxxxxxxxxxxx 
0540 : xxxxxxxxxxxxxxxx xxxxxxxxxxxxxxxx xxxxxxxxxxxxxxxx xxxxxxxxxxxxxxxx 
0580 : xxxxxxxxxxxxxxxx xxxxxxxxxxxxxxxx xxxxxxxxxxxxxxxx xxxxxxxxxxxxxxxx 
05c0 : xxxxxxxxxxxxxxxx xxxxxxxxxxxxxxxx xxxxxxxxxxxxxxxx xxxxxxxxxxxxxxxx 
0600 : xxxxxxxxxxxxxxxx xxxxxxxxxxxxxxxx xxxxxxxxxxxxxxxx xxxxxxxxxxxxxxxx 
0640 : xxxxxxxxxxxxxxxx xxxxxxxxxxxxxxxx xxxxxxxxxxxxxxxx xxxxxxxxxxxxxxxx 
0680 : xxxxxxxxxxxxxxxx xxxxxxxxxxxxxxxx xxxxxxxxxxxxxxxx xxxxxxxxxxxxxxxx 
06c0 : xxxxxxxxxxxxxxxx xxxxxxxxxxxxxxxx xxxxxxxxxxxxxxxx xxxxxxxxxxxxxxxx 
0700 : xxxxxxxxxxxxxxxx xxxxxxxxxxxxxxxx xxxxxxxxxxxxxxxx xxxxxxxxxxxxxxxx 
0740 : xxxxxxxxxxxxxxxx xxxxxxxxxxxxxxxx xxxxxxxxxxxxxxxx xxxxxxxxxxxxxxxx 
0780 : xxxxxxxxxxxxxxxx xxxxxxxxxxxxxxxx xxxxxxxxxxxxxxxx xxxxxxxxxxxxxxxx 
07c0 : xxxxxxxxxxxxxxxx xxxxxxxxxxxxxxxx xxxxxxxxxxxxxxxx xxxxxxxxxxxxxxxx 
0800 : xxxxxxxxxxxxxxxx xxxxxxxxxxxxxxxx xxxxxxxxxxxxxxxx xxxxxxxxxxxxxxxx 
0840 : xxxxxxxxxxxxxxxx xxxxxxxxxxxxxxxx xxxxxxxxxxxxxxxx xxxxxxxxxxxxxxxx 
0880 : xxxxxxxxxxxxxxxx xxxxxxxxxxxxxxxx xxxxxxxxxxxxxxxx xxxxxxxxxxxxxxxx 
08c0 : xxxxxxxxxxxxxxxx xxxxxxxxxxxxxxxx xxxxxxxxxxxxxxxx xxxxxxxxxxxxxxxx 
0900 : xxxxxxxxxxxxxxxx xxxxxxxxxxxxxxxx xxxxxxxxxxxxxxxx xxxxxxxxxxxxxxxx 
0940 : xxxxxxxxxxxxxxxx xxxxxxxxxxxxxxxx xxxxxxxxxxxxxxxx xxxxxxxxxxxxxxxx 
0980 : xxxxxxxxxxxxxxxx xxxxxxxxxxxxxxxx xxxxxxxxxxxxxxxx xxxxxxxxxxxxxxxx 
09c0 : xxxxxxxxxxxxxxxx xxxxxxxxxxxxxxxx xxxxxxxxxxxxxxxx xxxxxxxxxxxxxxxx 
0a00 : xxxxxxxxxxxxxxxx xxxxxxxxxxxxxxxx xxxxxxxxxxxxxxxx xxxxxxxxxxxxxxxx 
0a40 : xxxxxxxxxxxxxxxx xxxxxxxxxxxxxxxx xxxxxxxxxxxxxxxx xxxxxxxxxxxxxxxx 
0a80 : xxxxxxxxxxxxxxxx xxxxxxxxxxxxxxxx xxxxxxxxxxxxxxxx xxxxxxxxxxxxxxxx 
0ac0 : xxxxxxxxxxxxxxxx xxxxxxxxxxxxxxxx xxxxxxxxxxxxxxxx xxxxxxxxxxxxxxxx 
0b00 : xxxxxxxxxxxxxxxx xxxxxxxxxxxxxxxx xxxxxxxxxxxxxxxx xxxxxxxxxxxxxxxx 
0b40 : xxxxxxxxxxxxxxxx xxxxxxxxxxxxxxxx xxxxxxxxxxxxxxxx xxxxxxxxxxxxxxxx 
0b80 : xxxxxxxxxxxxxxxx xxxxxxxxxxxxxxxx xxxxxxxxxxxxxxxx xxxxxxxxxxxxxxxx 
0bc0 : xxxxxxxxxxxxxxxx xxxxxxxxxxxxxxxx xxxxxxxxxxxxxxxx xxxxxxxxxxxxxxxx 
0c00 : xxxxxxxxxxxxxxxx xxxxxxxxxxxxxxxx xxxxxxxxxxxxxxxx xxxxxxxxxxxxxxxx 
0c40 : xxxxxxxxxxxxxxxx xxxxxxxxxxxxxxxx xxxxxxxxxxxxxxxx xxxxxxxxxxxxxxxx 
0c80 : xxxxxxxxxxxxxxxx xxxxxxxxxxxxxxxx xxxxxxxxxxxxxxxx xxxxxxxxxxxxxxxx 
0cc0 : xxxxxxxxxxxxxxxx xxxxxxxxxxxxxxxx xxxxxxxxxxxxxxxx xxxxxxxxxxxxxxxx 
0d00 : xxxxxxxxxxxxxxxx xxxxxxxxxxxxxxxx xxxxxxxxxxxxxxxx xxxxxxxxxxxxxxxx 
0d40 : xxxxxxxxxxxxxxxx xxxxxxxxxxxxxxxx xxxxxxxxxxxxxxxx xxxxxxxxxxxxxxxx 
0d80 : xxxxxxxxxxxxxxxx xxxxxxxxxxxxxxxx xxxxxxxxxxxxxxxx xxxxxxxxxxxxxxxx 
0dc0 : xxxxxxxxxxxxxxxx xxxxxxxxxxxxxxxx xxxxxxxxxxxxxxxx xxxxxxxxxxxxxxxx 
0e00 : xxxxxxxxxxxxxxxx xxxxxxxxxxxxxxxx xxxxxxxxxxxxxxxx xxxxxxxxxxxxxxxx 
0e40 : xxxxxxxxxxxxxxxx xxxxxxxxxxxxxxxx xxxxxxxxxxxxxxxx xxxxxxxxxxxxxxxx 
0e80 : xxxxxxxxxxxxxxxx xxxxxxxxxxxxxxxx xxxxxxxxxxxxxxxx xxxxxxxxxxxxxxxx 
0ec0 : xxxxxxxxxxxxxxxx xxxxxxxxxxxxxxxx xxxxxxxxxxxxxxxx xxxxxxxxxxxxxxxx 
0f00 : xxxxxxxxxxxxxxxx xxxxxxxxxxxxxxxx xxxxxxxxxxxxxxxx xxxxxxxxxxxxxxxx 
0f40 : xxxxxxxxxxxxxxxx xxxxxxxxxxxxxxxx xxxxxxxxxxxxxxxx xxxxxxxxxxxxxxxx 
0f80 : xxxxxxxxxxxxxxxx xxxxxxxxxxxxxxxx xxxxxxxxxxxxxxxx xxxxxxxxxxxxxxxx 
0fc0 : xxxxxxxxxxxxxxxx xxxxxxxxxxxxxxxx xxxxxxxxxxxxxxxx xxxxxxxxxxxxxxxx 
1000 : xxxxxxxxxxxxxxxx xxxxxxxxxxxxxxxx xxxxxxxxxxxxxxxx xxxxxxxxxxxxxxxx 
AS65 Assembler for R6502 [1.42].                                     Page   27
------------------------- .\6502_functional_test.a65 -------------------------

1040 : xxxxxxxxxxxxxxxx xxxxxxxxxxxxxxxx xxxxxxxxxxxxxxxx xxxxxxxxxxxxxxxx 
1080 : xxxxxxxxxxxxxxxx xxxxxxxxxxxxxxxx xxxxxxxxxxxxxxxx xxxxxxxxxxxxxxxx 
10c0 : xxxxxxxxxxxxxxxx xxxxxxxxxxxxxxxx xxxxxxxxxxxxxxxx xxxxxxxxxxxxxxxx 
1100 : xxxxxxxxxxxxxxxx xxxxxxxxxxxxxxxx xxxxxxxxxxxxxxxx xxxxxxxxxxxxxxxx 
1140 : xxxxxxxxxxxxxxxx xxxxxxxxxxxxxxxx xxxxxxxxxxxxxxxx xxxxxxxxxxxxxxxx 
1180 : xxxxxxxxxxxxxxxx xxxxxxxxxxxxxxxx xxxxxxxxxxxxxxxx xxxxxxxxxxxxxxxx 
11c0 : xxxxxxxxxxxxxxxx xxxxxxxxxxxxxxxx xxxxxxxxxxxxxxxx xxxxxxxxxxxxxxxx 
1200 : xxxxxxxxxxxxxxxx xxxxxxxxxxxxxxxx xxxxxxxxxxxxxxxx xxxxxxxxxxxxxxxx 
1240 : xxxxxxxxxxxxxxxx xxxxxxxxxxxxxxxx xxxxxxxxxxxxxxxx xxxxxxxxxxxxxxxx 
1280 : xxxxxxxxxxxxxxxx xxxxxxxxxxxxxxxx xxxxxxxxxxxxxxxx xxxxxxxxxxxxxxxx 
12c0 : xxxxxxxxxxxxxxxx xxxxxxxxxxxxxxxx xxxxxxxxxxxxxxxx xxxxxxxxxxxxxxxx 
1300 : xxxxxxxxxxxxxxxx xxxxxxxxxxxxxxxx xxxxxxxxxxxxxxxx xxxxxxxxxxxxxxxx 
1340 : xxxxxxxxxxxxxxxx xxxxxxxxxxxxxxxx xxxxxxxxxxxxxxxx xxxxxxxxxxxxxxxx 
1380 : xxxxxxxxxxxxxxxx xxxxxxxxxxxxxxxx xxxxxxxxxxxxxxxx xxxxxxxxxxxxxxxx 
13c0 : xxxxxxxxxxxxxxxx xxxxxxxxxxxxxxxx xxxxxxxxxxxxxxxx xxxxxxxxxxxxxxxx 
1400 : xxxxxxxxxxxxxxxx xxxxxxxxxxxxxxxx xxxxxxxxxxxxxxxx xxxxxxxxxxxxxxxx 
1440 : xxxxxxxxxxxxxxxx xxxxxxxxxxxxxxxx xxxxxxxxxxxxxxxx xxxxxxxxxxxxxxxx 
1480 : xxxxxxxxxxxxxxxx xxxxxxxxxxxxxxxx xxxxxxxxxxxxxxxx xxxxxxxxxxxxxxxx 
14c0 : xxxxxxxxxxxxxxxx xxxxxxxxxxxxxxxx xxxxxxxxxxxxxxxx xxxxxxxxxxxxxxxx 
1500 : xxxxxxxxxxxxxxxx xxxxxxxxxxxxxxxx xxxxxxxxxxxxxxxx xxxxxxxxxxxxxxxx 
1540 : xxxxxxxxxxxxxxxx xxxxxxxxxxxxxxxx xxxxxxxxxxxxxxxx xxxxxxxxxxxxxxxx 
1580 : xxxxxxxxxxxxxxxx xxxxxxxxxxxxxxxx xxxxxxxxxxxxxxxx xxxxxxxxxxxxxxxx 
15c0 : xxxxxxxxxxxxxxxx xxxxxxxxxxxxxxxx xxxxxxxxxxxxxxxx xxxxxxxxxxxxxxxx 
1600 : xxxxxxxxxxxxxxxx xxxxxxxxxxxxxxxx xxxxxxxxxxxxxxxx xxxxxxxxxxxxxxxx 
1640 : xxxxxxxxxxxxxxxx xxxxxxxxxxxxxxxx xxxxxxxxxxxxxxxx xxxxxxxxxxxxxxxx 
1680 : xxxxxxxxxxxxxxxx xxxxxxxxxxxxxxxx xxxxxxxxxxxxxxxx xxxxxxxxxxxxxxxx 
16c0 : xxxxxxxxxxxxxxxx xxxxxxxxxxxxxxxx xxxxxxxxxxxxxxxx xxxxxxxxxxxxxxxx 
1700 : xxxxxxxxxxxxxxxx xxxxxxxxxxxxxxxx xxxxxxxxxxxxxxxx xxxxxxxxxxxxxxxx 
1740 : xxxxxxxxxxxxxxxx xxxxxxxxxxxxxxxx xxxxxxxxxxxxxxxx xxxxxxxxxxxxxxxx 
1780 : xxxxxxxxxxxxxxxx xxxxxxxxxxxxxxxx xxxxxxxxxxxxxxxx xxxxxxxxxxxxxxxx 
17c0 : xxxxxxxxxxxxxxxx xxxxxxxxxxxxxxxx xxxxxxxxxxxxxxxx xxxxxxxxxxxxxxxx 
1800 : xxxxxxxxxxxxxxxx xxxxxxxxxxxxxxxx xxxxxxxxxxxxxxxx xxxxxxxxxxxxxxxx 
1840 : xxxxxxxxxxxxxxxx xxxxxxxxxxxxxxxx xxxxxxxxxxxxxxxx xxxxxxxxxxxxxxxx 
1880 : xxxxxxxxxxxxxxxx xxxxxxxxxxxxxxxx xxxxxxxxxxxxxxxx xxxxxxxxxxxxxxxx 
18c0 : xxxxxxxxxxxxxxxx xxxxxxxxxxxxxxxx xxxxxxxxxxxxxxxx xxxxxxxxxxxxxxxx 
1900 : xxxxxxxxxxxxxxxx xxxxxxxxxxxxxxxx xxxxxxxxxxxxxxxx xxxxxxxxxxxxxxxx 
1940 : xxxxxxxxxxxxxxxx xxxxxxxxxxxxxxxx xxxxxxxxxxxxxxxx xxxxxxxxxxxxxxxx 
1980 : xxxxxxxxxxxxxxxx xxxxxxxxxxxxxxxx xxxxxxxxxxxxxxxx xxxxxxxxxxxxxxxx 
19c0 : xxxxxxxxxxxxxxxx xxxxxxxxxxxxxxxx xxxxxxxxxxxxxxxx xxxxxxxxxxxxxxxx 
1a00 : xxxxxxxxxxxxxxxx xxxxxxxxxxxxxxxx xxxxxxxxxxxxxxxx xxxxxxxxxxxxxxxx 
1a40 : xxxxxxxxxxxxxxxx xxxxxxxxxxxxxxxx xxxxxxxxxxxxxxxx xxxxxxxxxxxxxxxx 
1a80 : xxxxxxxxxxxxxxxx xxxxxxxxxxxxxxxx xxxxxxxxxxxxxxxx xxxxxxxxxxxxxxxx 
1ac0 : xxxxxxxxxxxxxxxx xxxxxxxxxxxxxxxx xxxxxxxxxxxxxxxx xxxxxxxxxxxxxxxx 
1b00 : xxxxxxxxxxxxxxxx xxxxxxxxxxxxxxxx xxxxxxxxxxxxxxxx xxxxxxxxxxxxxxxx 
1b40 : xxxxxxxxxxxxxxxx xxxxxxxxxxxxxxxx xxxxxxxxxxxxxxxx xxxxxxxxxxxxxxxx 
1b80 : xxxxxxxxxxxxxxxx xxxxxxxxxxxxxxxx xxxxxxxxxxxxxxxx xxxxxxxxxxxxxxxx 
1bc0 : xxxxxxxxxxxxxxxx xxxxxxxxxxxxxxxx xxxxxxxxxxxxxxxx xxxxxxxxxxxxxxxx 
1c00 : xxxxxxxxxxxxxxxx xxxxxxxxxxxxxxxx xxxxxxxxxxxxxxxx xxxxxxxxxxxxxxxx 
1c40 : xxxxxxxxxxxxxxxx xxxxxxxxxxxxxxxx xxxxxxxxxxxxxxxx xxxxxxxxxxxxxxxx 
1c80 : xxxxxxxxxxxxxxxx xxxxxxxxxxxxxxxx xxxxxxxxxxxxxxxx xxxxxxxxxxxxxxxx 
1cc0 : xxxxxxxxxxxxxxxx xxxxxxxxxxxxxxxx xxxxxxxxxxxxxxxx xxxxxxxxxxxxxxxx 
1d00 : xxxxxxxxxxxxxxxx xxxxxxxxxxxxxxxx xxxxxxxxxxxxxxxx xxxxxxxxxxxxxxxx 
1d40 : xxxxxxxxxxxxxxxx xxxxxxxxxxxxxxxx xxxxxxxxxxxxxxxx xxxxxxxxxxxxxxxx 
1d80 : xxxxxxxxxxxxxxxx xxxxxxxxxxxxxxxx xxxxxxxxxxxxxxxx xxxxxxxxxxxxxxxx 
1dc0 : xxxxxxxxxxxxxxxx xxxxxxxxxxxxxxxx xxxxxxxxxxxxxxxx xxxxxxxxxxxxxxxx 
1e00 : xxxxxxxxxxxxxxxx xxxxxxxxxxxxxxxx xxxxxxxxxxxxxxxx xxxxxxxxxxxxxxxx 
1e40 : xxxxxxxxxxxxxxxx xxxxxxxxxxxxxxxx xxxxxxxxxxxxxxxx xxxxxxxxxxxxxxxx 
1e80 : xxxxxxxxxxxxxxxx xxxxxxxxxxxxxxxx xxxxxxxxxxxxxxxx xxxxxxxxxxxxxxxx 
1ec0 : xxxxxxxxxxxxxxxx xxxxxxxxxxxxxxxx xxxxxxxxxxxxxxxx xxxxxxxxxxxxxxxx 
1f00 : xxxxxxxxxxxxxxxx xxxxxxxxxxxxxxxx xxxxxxxxxxxxxxxx xxxxxxxxxxxxxxxx 
1f40 : xxxxxxxxxxxxxxxx xxxxxxxxxxxxxxxx xxxxxxxxxxxxxxxx xxxxxxxxxxxxxxxx 
1f80 : xxxxxxxxxxxxxxxx xxxxxxxxxxxxxxxx xxxxxxxxxxxxxxxx xxxxxxxxxxxxxxxx 
AS65 Assembler for R6502 [1.42].                                     Page   28
------------------------- .\6502_functional_test.a65 -------------------------

1fc0 : xxxxxxxxxxxxxxxx xxxxxxxxxxxxxxxx xxxxxxxxxxxxxxxx xxxxxxxxxxxxxxxx 
2000 : xxxxxxxxxxxxxxxx xxxxxxxxxxxxxxxx xxxxxxxxxxxxxxxx xxxxxxxxxxxxxxxx 
2040 : xxxxxxxxxxxxxxxx xxxxxxxxxxxxxxxx xxxxxxxxxxxxxxxx xxxxxxxxxxxxxxxx 
2080 : xxxxxxxxxxxxxxxx xxxxxxxxxxxxxxxx xxxxxxxxxxxxxxxx xxxxxxxxxxxxxxxx 
20c0 : xxxxxxxxxxxxxxxx xxxxxxxxxxxxxxxx xxxxxxxxxxxxxxxx xxxxxxxxxxxxxxxx 
2100 : xxxxxxxxxxxxxxxx xxxxxxxxxxxxxxxx xxxxxxxxxxxxxxxx xxxxxxxxxxxxxxxx 
2140 : xxxxxxxxxxxxxxxx xxxxxxxxxxxxxxxx xxxxxxxxxxxxxxxx xxxxxxxxxxxxxxxx 
2180 : xxxxxxxxxxxxxxxx xxxxxxxxxxxxxxxx xxxxxxxxxxxxxxxx xxxxxxxxxxxxxxxx 
21c0 : xxxxxxxxxxxxxxxx xxxxxxxxxxxxxxxx xxxxxxxxxxxxxxxx xxxxxxxxxxxxxxxx 
2200 : xxxxxxxxxxxxxxxx xxxxxxxxxxxxxxxx xxxxxxxxxxxxxxxx xxxxxxxxxxxxxxxx 
2240 : xxxxxxxxxxxxxxxx xxxxxxxxxxxxxxxx xxxxxxxxxxxxxxxx xxxxxxxxxxxxxxxx 
2280 : xxxxxxxxxxxxxxxx xxxxxxxxxxxxxxxx xxxxxxxxxxxxxxxx xxxxxxxxxxxxxxxx 
22c0 : xxxxxxxxxxxxxxxx xxxxxxxxxxxxxxxx xxxxxxxxxxxxxxxx xxxxxxxxxxxxxxxx 
2300 : xxxxxxxxxxxxxxxx xxxxxxxxxxxxxxxx xxxxxxxxxxxxxxxx xxxxxxxxxxxxxxxx 
2340 : xxxxxxxxxxxxxxxx xxxxxxxxxxxxxxxx xxxxxxxxxxxxxxxx xxxxxxxxxxxxxxxx 
2380 : xxxxxxxxxxxxxxxx xxxxxxxxxxxxxxxx xxxxxxxxxxxxxxxx xxxxxxxxxxxxxxxx 
23c0 : xxxxxxxxxxxxxxxx xxxxxxxxxxxxxxxx xxxxxxxxxxxxxxxx xxxxxxxxxxxxxxxx 
2400 : xxxxxxxxxxxxxxxx xxxxxxxxxxxxxxxx xxxxxxxxxxxxxxxx xxxxxxxxxxxxxxxx 
2440 : xxxxxxxxxxxxxxxx xxxxxxxxxxxxxxxx xxxxxxxxxxxxxxxx xxxxxxxxxxxxxxxx 
2480 : xxxxxxxxxxxxxxxx xxxxxxxxxxxxxxxx xxxxxxxxxxxxxxxx xxxxxxxxxxxxxxxx 
24c0 : xxxxxxxxxxxxxxxx xxxxxxxxxxxxxxxx xxxxxxxxxxxxxxxx xxxxxxxxxxxxxxxx 
2500 : xxxxxxxxxxxxxxxx xxxxxxxxxxxxxxxx xxxxxxxxxxxxxxxx xxxxxxxxxxxxxxxx 
2540 : xxxxxxxxxxxxxxxx xxxxxxxxxxxxxxxx xxxxxxxxxxxxxxxx xxxxxxxxxxxxxxxx 
2580 : xxxxxxxxxxxxxxxx xxxxxxxxxxxxxxxx xxxxxxxxxxxxxxxx xxxxxxxxxxxxxxxx 
25c0 : xxxxxxxxxxxxxxxx xxxxxxxxxxxxxxxx xxxxxxxxxxxxxxxx xxxxxxxxxxxxxxxx 
2600 : xxxxxxxxxxxxxxxx xxxxxxxxxxxxxxxx xxxxxxxxxxxxxxxx xxxxxxxxxxxxxxxx 
2640 : xxxxxxxxxxxxxxxx xxxxxxxxxxxxxxxx xxxxxxxxxxxxxxxx xxxxxxxxxxxxxxxx 
2680 : xxxxxxxxxxxxxxxx xxxxxxxxxxxxxxxx xxxxxxxxxxxxxxxx xxxxxxxxxxxxxxxx 
26c0 : xxxxxxxxxxxxxxxx xxxxxxxxxxxxxxxx xxxxxxxxxxxxxxxx xxxxxxxxxxxxxxxx 
2700 : xxxxxxxxxxxxxxxx xxxxxxxxxxxxxxxx xxxxxxxxxxxxxxxx xxxxxxxxxxxxxxxx 
2740 : xxxxxxxxxxxxxxxx xxxxxxxxxxxxxxxx xxxxxxxxxxxxxxxx xxxxxxxxxxxxxxxx 
2780 : xxxxxxxxxxxxxxxx xxxxxxxxxxxxxxxx xxxxxxxxxxxxxxxx xxxxxxxxxxxxxxxx 
27c0 : xxxxxxxxxxxxxxxx xxxxxxxxxxxxxxxx xxxxxxxxxxxxxxxx xxxxxxxxxxxxxxxx 
2800 : xxxxxxxxxxxxxxxx xxxxxxxxxxxxxxxx xxxxxxxxxxxxxxxx xxxxxxxxxxxxxxxx 
2840 : xxxxxxxxxxxxxxxx xxxxxxxxxxxxxxxx xxxxxxxxxxxxxxxx xxxxxxxxxxxxxxxx 
2880 : xxxxxxxxxxxxxxxx xxxxxxxxxxxxxxxx xxxxxxxxxxxxxxxx xxxxxxxxxxxxxxxx 
28c0 : xxxxxxxxxxxxxxxx xxxxxxxxxxxxxxxx xxxxxxxxxxxxxxxx xxxxxxxxxxxxxxxx 
2900 : xxxxxxxxxxxxxxxx xxxxxxxxxxxxxxxx xxxxxxxxxxxxxxxx xxxxxxxxxxxxxxxx 
2940 : xxxxxxxxxxxxxxxx xxxxxxxxxxxxxxxx xxxxxxxxxxxxxxxx xxxxxxxxxxxxxxxx 
2980 : xxxxxxxxxxxxxxxx xxxxxxxxxxxxxxxx xxxxxxxxxxxxxxxx xxxxxxxxxxxxxxxx 
29c0 : xxxxxxxxxxxxxxxx xxxxxxxxxxxxxxxx xxxxxxxxxxxxxxxx xxxxxxxxxxxxxxxx 
2a00 : xxxxxxxxxxxxxxxx xxxxxxxxxxxxxxxx xxxxxxxxxxxxxxxx xxxxxxxxxxxxxxxx 
2a40 : xxxxxxxxxxxxxxxx xxxxxxxxxxxxxxxx xxxxxxxxxxxxxxxx xxxxxxxxxxxxxxxx 
2a80 : xxxxxxxxxxxxxxxx xxxxxxxxxxxxxxxx xxxxxxxxxxxxxxxx xxxxxxxxxxxxxxxx 
2ac0 : xxxxxxxxxxxxxxxx xxxxxxxxxxxxxxxx xxxxxxxxxxxxxxxx xxxxxxxxxxxxxxxx 
2b00 : xxxxxxxxxxxxxxxx xxxxxxxxxxxxxxxx xxxxxxxxxxxxxxxx xxxxxxxxxxxxxxxx 
2b40 : xxxxxxxxxxxxxxxx xxxxxxxxxxxxxxxx xxxxxxxxxxxxxxxx xxxxxxxxxxxxxxxx 
2b80 : xxxxxxxxxxxxxxxx xxxxxxxxxxxxxxxx xxxxxxxxxxxxxxxx xxxxxxxxxxxxxxxx 
2bc0 : xxxxxxxxxxxxxxxx xxxxxxxxxxxxxxxx xxxxxxxxxxxxxxxx xxxxxxxxxxxxxxxx 
2c00 : xxxxxxxxxxxxxxxx xxxxxxxxxxxxxxxx xxxxxxxxxxxxxxxx xxxxxxxxxxxxxxxx 
2c40 : xxxxxxxxxxxxxxxx xxxxxxxxxxxxxxxx xxxxxxxxxxxxxxxx xxxxxxxxxxxxxxxx 
2c80 : xxxxxxxxxxxxxxxx xxxxxxxxxxxxxxxx xxxxxxxxxxxxxxxx xxxxxxxxxxxxxxxx 
2cc0 : xxxxxxxxxxxxxxxx xxxxxxxxxxxxxxxx xxxxxxxxxxxxxxxx xxxxxxxxxxxxxxxx 
2d00 : xxxxxxxxxxxxxxxx xxxxxxxxxxxxxxxx xxxxxxxxxxxxxxxx xxxxxxxxxxxxxxxx 
2d40 : xxxxxxxxxxxxxxxx xxxxxxxxxxxxxxxx xxxxxxxxxxxxxxxx xxxxxxxxxxxxxxxx 
2d80 : xxxxxxxxxxxxxxxx xxxxxxxxxxxxxxxx xxxxxxxxxxxxxxxx xxxxxxxxxxxxxxxx 
2dc0 : xxxxxxxxxxxxxxxx xxxxxxxxxxxxxxxx xxxxxxxxxxxxxxxx xxxxxxxxxxxxxxxx 
2e00 : xxxxxxxxxxxxxxxx xxxxxxxxxxxxxxxx xxxxxxxxxxxxxxxx xxxxxxxxxxxxxxxx 
2e40 : xxxxxxxxxxxxxxxx xxxxxxxxxxxxxxxx xxxxxxxxxxxxxxxx xxxxxxxxxxxxxxxx 
2e80 : xxxxxxxxxxxxxxxx xxxxxxxxxxxxxxxx xxxxxxxxxxxxxxxx xxxxxxxxxxxxxxxx 
2ec0 : xxxxxxxxxxxxxxxx xxxxxxxxxxxxxxxx xxxxxxxxxxxxxxxx xxxxxxxxxxxxxxxx 
2f00 : xxxxxxxxxxxxxxxx xxxxxxxxxxxxxxxx xxxxxxxxxxxxxxxx xxxxxxxxxxxxxxxx 
AS65 Assembler for R6502 [1.42].                                     Page   29
------------------------- .\6502_functional_test.a65 -------------------------

2f40 : xxxxxxxxxxxxxxxx xxxxxxxxxxxxxxxx xxxxxxxxxxxxxxxx xxxxxxxxxxxxxxxx 
2f80 : xxxxxxxxxxxxxxxx xxxxxxxxxxxxxxxx xxxxxxxxxxxxxxxx xxxxxxxxxxxxxxxx 
2fc0 : xxxxxxxxxxxxxxxx xxxxxxxxxxxxxxxx xxxxxxxxxxxxxxxx xxxxxxxxxxxxxxxx 
3000 : xxxxxxxxxxxxxxxx xxxxxxxxxxxxxxxx xxxxxxxxxxxxxxxx xxxxxxxxxxxxxxxx 
3040 : xxxxxxxxxxxxxxxx xxxxxxxxxxxxxxxx xxxxxxxxxxxxxxxx xxxxxxxxxxxxxxxx 
3080 : xxxxxxxxxxxxxxxx xxxxxxxxxxxxxxxx xxxxxxxxxxxxxxxx xxxxxxxxxxxxxxxx 
30c0 : xxxxxxxxxxxxxxxx xxxxxxxxxxxxxxxx xxxxxxxxxxxxxxxx xxxxxxxxxxxxxxxx 
3100 : xxxxxxxxxxxxxxxx xxxxxxxxxxxxxxxx xxxxxxxxxxxxxxxx xxxxxxxxxxxxxxxx 
3140 : xxxxxxxxxxxxxxxx xxxxxxxxxxxxxxxx xxxxxxxxxxxxxxxx xxxxxxxxxxxxxxxx 
3180 : xxxxxxxxxxxxxxxx xxxxxxxxxxxxxxxx xxxxxxxxxxxxxxxx xxxxxxxxxxxxxxxx 
31c0 : xxxxxxxxxxxxxxxx xxxxxxxxxxxxxxxx xxxxxxxxxxxxxxxx xxxxxxxxxxxxxxxx 
3200 : xxxxxxxxxxxxxxxx xxxxxxxxxxxxxxxx xxxxxxxxxxxxxxxx xxxxxxxxxxxxxxxx 
3240 : xxxxxxxxxxxxxxxx xxxxxxxxxxxxxxxx xxxxxxxxxxxxxxxx xxxxxxxxxxxxxxxx 
3280 : xxxxxxxxxxxxxxxx xxxxxxxxxxxxxxxx xxxxxxxxxxxxxxxx xxxxxxxxxxxxxxxx 
32c0 : xxxxxxxxxxxxxxxx xxxxxxxxxxxxxxxx xxxxxxxxxxxxxxxx xxxxxxxxxxxxxxxx 
3300 : xxxxxxxxxxxxxxxx xxxxxxxxxxxxxxxx xxxxxxxxxxxxxxxx xxxxxxxxxxxxxxxx 
3340 : xxxxxxxxxxxxxxxx xxxxxxxxxxxxxxxx xxxxxxxxxxxxxxxx xxxxxxxxxxxxxxxx 
3380 : xxxxxxxxxxxxxxxx xxxxxxxxxxxxxxxx xxxxxxxxxxxxxxxx xxxxxxxxxxxxxxxx 
33c0 : xxxxxxxxxxxxxxxx xxxxxxxxxxxxxxxx xxxxxxxxxxxxxxxx xxxxxxxxxxxxxxxx 
3400 : xxxxxxxxxxxxxxxx xxxxxxxxxxxxxxxx xxxxxxxxxxxxxxxx xxxxxxxxxxxxxxxx 
3440 : xxxxxxxxxxxxxxxx xxxxxxxxxxxxxxxx xxxxxxxxxxxxxxxx xxxxxxxxxxxxxxxx 
3480 : xxxxxxxxxxxxxxxx xxxxxxxxxxxxxxxx xxxxxxxxxxxxxxxx xxxxxxxxxxxxxxxx 
34c0 : xxxxxxxxxxxxxxxx xxxxxxxxxxxxxxxx xxxxxxxxxxxxxxxx xxxxxxxxxxxxxxxx 
3500 : xxxxxxxxxxxxxxxx xxxxxxxxxxxxxxxx xxxxxxxxxxxxxxxx xxxxxxxxxxxxxxxx 
3540 : xxxxxxxxxxxxxxxx xxxxxxxxxxxxxxxx xxxxxxxxxxxxxxxx xxxxxxxxxxxxxxxx 
3580 : xxxxxxxxxxxxxxxx xxxxxxxxxxxxxxxx xxxxxxxxxxxxxxxx xxxxxxxxxxxxxxxx 
35c0 : xxxxxxxxxxxxxxxx xxxxxxxxxxxxxxxx xxxxxxxxxxxxxxxx xxxxxxxxxxxxxxxx 
3600 : xxxxxxxxxxxxxxxx xxxxxxxxxxxxxxxx xxxxxxxxxxxxxxxx xxxxxxxxxxxxxxxx 
3640 : xxxxxxxxxxxxxxxx xxxxxxxxxxxxxxxx xxxxxxxxxxxxxxxx xxxxxxxxxxxxxxxx 
3680 : xxxxxxxxxxxxxxxx xxxxxxxxxxxxxxxx xxxxxxxxxxxxxxxx xxxxxxxxxxxxxxxx 
36c0 : xxxxxxxxxxxxxxxx xxxxxxxxxxxxxxxx xxxxxxxxxxxxxxxx xxxxxxxxxxxxxxxx 
3700 : xxxxxxxxxxxxxxxx xxxxxxxxxxxxxxxx xxxxxxxxxxxxxxxx xxxxxxxxxxxxxxxx 
3740 : xxxxxxxxxxxxxxxx xxxxxxxxxxxxxxxx xxxxxxxxxxxxxxxx xxxxxxxxxxxxxxxx 
3780 : xxxxxxxxxxxxxxxx xxxxxxxxxxxxxxxx xxxxxxxxxxxxxxxx xxxxxxxxxxxxxxxx 
37c0 : xxxxxxxxxxxxxxxx xxxxxxxxxxxxxxxx xxxxxxxxxxxxxxxx xxxxxxxxxxxxxxxx 
3800 : xxxxxxxxxxxxxxxx xxxxxxxxxxxxxxxx xxxxxxxxxxxxxxxx xxxxxxxxxxxxxxxx 
3840 : xxxxxxxxxxxxxxxx xxxxxxxxxxxxxxxx xxxxxxxxxxxxxxxx xxxxxxxxxxxxxxxx 
3880 : xxxxxxxxxxxxxxxx xxxxxxxxxxxxxxxx xxxxxxxxxxxxxxxx xxxxxxxxxxxxxxxx 
38c0 : xxxxxxxxxxxxxxxx xxxxxxxxxxxxxxxx xxxxxxxxxxxxxxxx xxxxxxxxxxxxxxxx 
3900 : xxxxxxxxxxxxxxxx xxxxxxxxxxxxxxxx xxxxxxxxxxxxxxxx xxxxxxxxxxxxxxxx 
3940 : xxxxxxxxxxxxxxxx xxxxxxxxxxxxxxxx xxxxxxxxxxxxxxxx xxxxxxxxxxxxxxxx 
3980 : xxxxxxxxxxxxxxxx xxxxxxxxxxxxxxxx xxxxxxxxxxxxxxxx xxxxxxxxxxxxxxxx 
39c0 : xxxxxxxxxxxxxxxx xxxxxxxxxxxxxxxx xxxxxxxxxxxxxxxx xxxxxxxxxxxxxxxx 
3a00 : xxxxxxxxxxxxxxxx xxxxxxxxxxxxxxxx xxxxxxxxxxxxxxxx xxxxxxxxxxxxxxxx 
3a40 : xxxxxxxxxxxxxxxx xxxxxxxxxxxxxxxx xxxxxxxxxxxxxxxx xxxxxxxxxxxxxxxx 
3a80 : xxxxxxxxxxxxxxxx xxxxxxxxxxxxxxxx xxxxxxxxxxxxxxxx xxxxxxxxxxxxxxxx 
3ac0 : xxxxxxxxxxxxxxxx xxxxxxxxxxxxxxxx xxxxxxxxxxxxxxxx xxxxxxxxxxxxxxxx 
3b00 : xxxxxxxxxxxxxxxx xxxxxxxxxxxxxxxx xxxxxxxxxxxxxxxx xxxxxxxxxxxxxxxx 
3b40 : xxxxxxxxxxxxxxxx xxxxxxxxxxxxxxxx xxxxxxxxxxxxxxxx xxxxxxxxxxxxxxxx 
3b80 : xxxxxxxxxxxxxxxx xxxxxxxxxxxxxxxx xxxxxxxxxxxxxxxx xxxxxxxxxxxxxxxx 
3bc0 : xxxxxxxxxxxxxxxx xxxxxxxxxxxxxxxx xxxxxxxxxxxxxxxx xxxxxxxxxxxxxxxx 
3c00 : xxxxxxxxxxxxxxxx xxxxxxxxxxxxxxxx xxxxxxxxxxxxxxxx xxxxxxxxxxxxxxxx 
3c40 : xxxxxxxxxxxxxxxx xxxxxxxxxxxxxxxx xxxxxxxxxxxxxxxx xxxxxxxxxxxxxxxx 
3c80 : xxxxxxxxxxxxxxxx xxxxxxxxxxxxxxxx xxxxxxxxxxxxxxxx xxxxxxxxxxxxxxxx 
3cc0 : xxxxxxxxxxxxxxxx xxxxxxxxxxxxxxxx xxxxxxxxxxxxxxxx xxxxxxxxxxxxxxxx 
3d00 : xxxxxxxxxxxxxxxx xxxxxxxxxxxxxxxx xxxxxxxxxxxxxxxx xxxxxxxxxxxxxxxx 
3d40 : xxxxxxxxxxxxxxxx xxxxxxxxxxxxxxxx xxxxxxxxxxxxxxxx xxxxxxxxxxxxxxxx 
3d80 : xxxxxxxxxxxxxxxx xxxxxxxxxxxxxxxx xxxxxxxxxxxxxxxx xxxxxxxxxxxxxxxx 
3dc0 : xxxxxxxxxxxxxxxx xxxxxxxxxxxxxxxx xxxxxxxxxxxxxxxx xxxxxxxxxxxxxxxx 
3e00 : xxxxxxxxxxxxxxxx xxxxxxxxxxxxxxxx xxxxxxxxxxxxxxxx xxxxxxxxxxxxxxxx 
3e40 : xxxxxxxxxxxxxxxx xxxxxxxxxxxxxxxx xxxxxxxxxxxxxxxx xxxxxxxxxxxxxxxx 
3e80 : xxxxxxxxxxxxxxxx xxxxxxxxxxxxxxxx xxxxxxxxxxxxxxxx xxxxxxxxxxxxxxxx 
AS65 Assembler for R6502 [1.42].                                     Page   30
------------------------- .\6502_functional_test.a65 -------------------------

3ec0 : xxxxxxxxxxxxxxxx xxxxxxxxxxxxxxxx xxxxxxxxxxxxxxxx xxxxxxxxxxxxxxxx 
3f00 : xxxxxxxxxxxxxxxx xxxxxxxxxxxxxxxx xxxxxxxxxxxxxxxx xxxxxxxxxxxxxxxx 
3f40 : xxxxxxxxxxxxxxxx xxxxxxxxxxxxxxxx xxxxxxxxxxxxxxxx xxxxxxxxxxxxxxxx 
3f80 : xxxxxxxxxxxxxxxx xxxxxxxxxxxxxxxx xxxxxxxxxxxxxxxx xxxxxxxxxxxxxxxx 
3fc0 : xxxxxxxxxxxxxxxx xxxxxxxxxxxxxxxx xxxxxxxxxxxxxxxx xxxxxxxxxxxxxxxx 
4000 : xxxxxxxxxxxxxxxx xxxxxxxxxxxxxxxx xxxxxxxxxxxxxxxx xxxxxxxxxxxxxxxx 
4040 : xxxxxxxxxxxxxxxx xxxxxxxxxxxxxxxx xxxxxxxxxxxxxxxx xxxxxxxxxxxxxxxx 
4080 : xxxxxxxxxxxxxxxx xxxxxxxxxxxxxxxx xxxxxxxxxxxxxxxx xxxxxxxxxxxxxxxx 
40c0 : xxxxxxxxxxxxxxxx xxxxxxxxxxxxxxxx xxxxxxxxxxxxxxxx xxxxxxxxxxxxxxxx 
4100 : xxxxxxxxxxxxxxxx xxxxxxxxxxxxxxxx xxxxxxxxxxxxxxxx xxxxxxxxxxxxxxxx 
4140 : xxxxxxxxxxxxxxxx xxxxxxxxxxxxxxxx xxxxxxxxxxxxxxxx xxxxxxxxxxxxxxxx 
4180 : xxxxxxxxxxxxxxxx xxxxxxxxxxxxxxxx xxxxxxxxxxxxxxxx xxxxxxxxxxxxxxxx 
41c0 : xxxxxxxxxxxxxxxx xxxxxxxxxxxxxxxx xxxxxxxxxxxxxxxx xxxxxxxxxxxxxxxx 
4200 : xxxxxxxxxxxxxxxx xxxxxxxxxxxxxxxx xxxxxxxxxxxxxxxx xxxxxxxxxxxxxxxx 
4240 : xxxxxxxxxxxxxxxx xxxxxxxxxxxxxxxx xxxxxxxxxxxxxxxx xxxxxxxxxxxxxxxx 
4280 : xxxxxxxxxxxxxxxx xxxxxxxxxxxxxxxx xxxxxxxxxxxxxxxx xxxxxxxxxxxxxxxx 
42c0 : xxxxxxxxxxxxxxxx xxxxxxxxxxxxxxxx xxxxxxxxxxxxxxxx xxxxxxxxxxxxxxxx 
4300 : xxxxxxxxxxxxxxxx xxxxxxxxxxxxxxxx xxxxxxxxxxxxxxxx xxxxxxxxxxxxxxxx 
4340 : xxxxxxxxxxxxxxxx xxxxxxxxxxxxxxxx xxxxxxxxxxxxxxxx xxxxxxxxxxxxxxxx 
4380 : xxxxxxxxxxxxxxxx xxxxxxxxxxxxxxxx xxxxxxxxxxxxxxxx xxxxxxxxxxxxxxxx 
43c0 : xxxxxxxxxxxxxxxx xxxxxxxxxxxxxxxx xxxxxxxxxxxxxxxx xxxxxxxxxxxxxxxx 
4400 : xxxxxxxxxxxxxxxx xxxxxxxxxxxxxxxx xxxxxxxxxxxxxxxx xxxxxxxxxxxxxxxx 
4440 : xxxxxxxxxxxxxxxx xxxxxxxxxxxxxxxx xxxxxxxxxxxxxxxx xxxxxxxxxxxxxxxx 
4480 : xxxxxxxxxxxxxxxx xxxxxxxxxxxxxxxx xxxxxxxxxxxxxxxx xxxxxxxxxxxxxxxx 
44c0 : xxxxxxxxxxxxxxxx xxxxxxxxxxxxxxxx xxxxxxxxxxxxxxxx xxxxxxxxxxxxxxxx 
4500 : xxxxxxxxxxxxxxxx xxxxxxxxxxxxxxxx xxxxxxxxxxxxxxxx xxxxxxxxxxxxxxxx 
4540 : xxxxxxxxxxxxxxxx xxxxxxxxxxxxxxxx xxxxxxxxxxxxxxxx xxxxxxxxxxxxxxxx 
4580 : xxxxxxxxxxxxxxxx xxxxxxxxxxxxxxxx xxxxxxxxxxxxxxxx xxxxxxxxxxxxxxxx 
45c0 : xxxxxxxxxxxxxxxx xxxxxxxxxxxxxxxx xxxxxxxxxxxxxxxx xxxxxxxxxxxxxxxx 
4600 : xxxxxxxxxxxxxxxx xxxxxxxxxxxxxxxx xxxxxxxxxxxxxxxx xxxxxxxxxxxxxxxx 
4640 : xxxxxxxxxxxxxxxx xxxxxxxxxxxxxxxx xxxxxxxxxxxxxxxx xxxxxxxxxxxxxxxx 
4680 : xxxxxxxxxxxxxxxx xxxxxxxxxxxxxxxx xxxxxxxxxxxxxxxx xxxxxxxxxxxxxxxx 
46c0 : xxxxx----------- ---------------- ---------------- ---------------- 

No errors in pass 2.
Wrote binary from address $0400 through $46c4.
Total size 17093 bytes.
Program start address is at $0400 (1024).
